Component: ARM Compiler 5.06 update 6 (build 750) Tool: armlink [4d35ed]

==============================================================================

Section Cross References

    main.o(i.GetHexStr) refers to _printf_pad.o(.text) for _printf_pre_padding
    main.o(i.GetHexStr) refers to _printf_percent.o(.ARM.Collect$$_printf_percent$$00000000) for _printf_percent
    main.o(i.GetHexStr) refers to _printf_x.o(.ARM.Collect$$_printf_percent$$0000000C) for _printf_x
    main.o(i.GetHexStr) refers to _printf_hex_int.o(.text) for _printf_longlong_hex
    main.o(i.GetHexStr) refers to noretval__2sprintf.o(.text) for __2sprintf
    main.o(i.GetHexStr) refers to strlen.o(.text) for strlen
    main.o(i.LoRa_DataParse) refers to _printf_percent.o(.ARM.Collect$$_printf_percent$$00000000) for _printf_percent
    main.o(i.LoRa_DataParse) refers to _printf_d.o(.ARM.Collect$$_printf_percent$$00000009) for _printf_d
    main.o(i.LoRa_DataParse) refers to _printf_dec.o(.text) for _printf_int_dec
    main.o(i.LoRa_DataParse) refers to main.o(i.ExtractCmdframe) for ExtractCmdframe
    main.o(i.LoRa_DataParse) refers to main.o(i.CheckSum) for CheckSum
    main.o(i.LoRa_DataParse) refers to rt_memclr_w.o(.text) for __aeabi_memclr4
    main.o(i.LoRa_DataParse) refers to noretval__2sprintf.o(.text) for __2sprintf
    main.o(i.LoRa_DataParse) refers to strlen.o(.text) for strlen
    main.o(i.LoRa_DataParse) refers to gpio.o(i.GpioToggle) for GpioToggle
    main.o(i.LoRa_DataParse) refers to main.o(.data) for humidity
    main.o(i.LoRa_DataParse) refers to sx1276-board.o(.constdata) for Radio
    main.o(i.LoRa_DataParse) refers to board.o(.bss) for Led1
    main.o(i.LoRa_GetSensorDataProcess) refers to _printf_percent.o(.ARM.Collect$$_printf_percent$$00000000) for _printf_percent
    main.o(i.LoRa_GetSensorDataProcess) refers to _printf_d.o(.ARM.Collect$$_printf_percent$$00000009) for _printf_d
    main.o(i.LoRa_GetSensorDataProcess) refers to _printf_dec.o(.text) for _printf_int_dec
    main.o(i.LoRa_GetSensorDataProcess) refers to hal_temhum.o(i.call_sht11) for call_sht11
    main.o(i.LoRa_GetSensorDataProcess) refers to rt_memclr_w.o(.text) for __aeabi_memclr4
    main.o(i.LoRa_GetSensorDataProcess) refers to noretval__2sprintf.o(.text) for __2sprintf
    main.o(i.LoRa_GetSensorDataProcess) refers to hal_oled.o(i.OLED_ShowString) for OLED_ShowString
    main.o(i.LoRa_GetSensorDataProcess) refers to tim-board.o(.data) for User0Timer_MS
    main.o(i.LoRa_GetSensorDataProcess) refers to main.o(.data) for temperature
    main.o(i.LoRa_Send) refers to sx1276-board.o(.constdata) for Radio
    main.o(i.MyRadioRxDoneProcess) refers to ns_radio.o(i.ReadRadioRxBuffer) for ReadRadioRxBuffer
    main.o(i.MyRadioRxDoneProcess) refers to gpio.o(i.GpioToggle) for GpioToggle
    main.o(i.MyRadioRxDoneProcess) refers to main.o(i.LoRa_DataParse) for LoRa_DataParse
    main.o(i.MyRadioRxDoneProcess) refers to board.o(.bss) for Led2
    main.o(i.OLED_InitView) refers to hal_oled.o(i.OLED_Clear) for OLED_Clear
    main.o(i.OLED_InitView) refers to hal_oled.o(i.OLED_ShowString) for OLED_ShowString
    main.o(i.PlatformInit) refers to board.o(i.BoardInitMcu) for BoardInitMcu
    main.o(i.PlatformInit) refers to board.o(i.BoardInitPeriph) for BoardInitPeriph
    main.o(i.PlatformInit) refers to hal_oled.o(i.OLED_Init) for OLED_Init
    main.o(i.PlatformInit) refers to usart1-board.o(i.USART1_Init) for USART1_Init
    main.o(i.PlatformInit) refers to hal_oled.o(i.OLED_Clear) for OLED_Clear
    main.o(i.PlatformInit) refers to main.o(i.OLED_InitView) for OLED_InitView
    main.o(i.PlatformInit) refers to noretval__2printf.o(.text) for __2printf
    main.o(i.PlatformInit) refers to ns_radio.o(i.NS_RadioInit) for NS_RadioInit
    main.o(i.PlatformInit) refers to hal_temhum.o(i.hal_temHumInit) for hal_temHumInit
    main.o(i.PlatformInit) refers to hal_temhum.o(i.connectionreset) for connectionreset
    main.o(i.PlatformInit) refers to tim-board.o(i.Tim3McuInit) for Tim3McuInit
    main.o(i.main) refers to main.o(i.PlatformInit) for PlatformInit
    main.o(i.main) refers to main.o(i.MyRadioRxDoneProcess) for MyRadioRxDoneProcess
    main.o(i.main) refers to main.o(i.LoRa_GetSensorDataProcess) for LoRa_GetSensorDataProcess
    ns_radio.o(i.NS_RadioEventsInit) refers to ns_radio.o(i.OnTxDone) for OnTxDone
    ns_radio.o(i.NS_RadioEventsInit) refers to ns_radio.o(.bss) for RadioEvents
    ns_radio.o(i.NS_RadioEventsInit) refers to ns_radio.o(i.OnRxDone) for OnRxDone
    ns_radio.o(i.NS_RadioEventsInit) refers to ns_radio.o(i.OnTxTimeout) for OnTxTimeout
    ns_radio.o(i.NS_RadioEventsInit) refers to ns_radio.o(i.OnRxTimeout) for OnRxTimeout
    ns_radio.o(i.NS_RadioEventsInit) refers to ns_radio.o(i.OnRxError) for OnRxError
    ns_radio.o(i.NS_RadioEventsInit) refers to sx1276-board.o(.constdata) for Radio
    ns_radio.o(i.NS_RadioInit) refers to ns_radio.o(i.NS_RadioEventsInit) for NS_RadioEventsInit
[...]
    BoardInitPeriph                          0x080016c1   Thumb Code    56  board.o(i.BoardInitPeriph)
    BusFault_Handler                         0x08001765   Thumb Code     4  sysirqhandlers.o(i.BusFault_Handler)
    CheckSum                                 0x080017a5   Thumb Code    28  main.o(i.CheckSum)
    DebugMon_Handler                         0x080017c1   Thumb Code     2  sysirqhandlers.o(i.DebugMon_Handler)
    DelayMicroSeconds                        0x080017c3   Thumb Code    20  hal_temhum.o(i.DelayMicroSeconds)
    DelayMs                                  0x080017d7   Thumb Code    12  delay.o(i.DelayMs)
    EXTI0_IRQHandler                         0x080017e3   Thumb Code    14  gpio-board.o(i.EXTI0_IRQHandler)
    EXTI15_10_IRQHandler                     0x080017f1   Thumb Code    56  gpio-board.o(i.EXTI15_10_IRQHandler)
    EXTI1_IRQHandler                         0x08001829   Thumb Code    14  gpio-board.o(i.EXTI1_IRQHandler)
    EXTI2_IRQHandler                         0x08001837   Thumb Code    14  gpio-board.o(i.EXTI2_IRQHandler)
    EXTI3_IRQHandler                         0x08001845   Thumb Code    14  gpio-board.o(i.EXTI3_IRQHandler)
    EXTI4_IRQHandler                         0x08001853   Thumb Code    14  gpio-board.o(i.EXTI4_IRQHandler)
    EXTI9_5_IRQHandler                       0x08001861   Thumb Code    42  gpio-board.o(i.EXTI9_5_IRQHandler)
    ExtractCmdframe                          0x0800188b   Thumb Code    36  main.o(i.ExtractCmdframe)
    GetBoardPowerSource                      0x080018af   Thumb Code     4  board.o(i.GetBoardPowerSource)
    GpioInit                                 0x080018ed   Thumb Code    44  gpio.o(i.GpioInit)
    GpioMcuInit                              0x08001919   Thumb Code   336  gpio-board.o(i.GpioMcuInit)
    GpioMcuSetInterrupt                      0x08001a81   Thumb Code   310  gpio-board.o(i.GpioMcuSetInterrupt)
    GpioMcuToggle                            0x08001bc9   Thumb Code    34  gpio-board.o(i.GpioMcuToggle)
    GpioMcuWrite                             0x08001beb   Thumb Code    38  gpio-board.o(i.GpioMcuWrite)
    GpioSetInterrupt                         0x08001c11   Thumb Code    40  gpio.o(i.GpioSetInterrupt)
    GpioToggle                               0x08001c39   Thumb Code    24  gpio.o(i.GpioToggle)
    GpioWrite                                0x08001c51   Thumb Code    28  gpio.o(i.GpioWrite)
    HAL_DBGMCU_EnableDBGSleepMode            0x08001c6d   Thumb Code    14  stm32l1xx_hal.o(i.HAL_DBGMCU_EnableDBGSleepMode)
    HAL_DBGMCU_EnableDBGStandbyMode          0x08001c81   Thumb Code    14  stm32l1xx_hal.o(i.HAL_DBGMCU_EnableDBGStandbyMode)
    HAL_DBGMCU_EnableDBGStopMode             0x08001c95   Thumb Code    14  stm32l1xx_hal.o(i.HAL_DBGMCU_EnableDBGStopMode)
    HAL_Delay                                0x08001ca9   Thumb Code    26  stm32l1xx_hal.o(i.HAL_Delay)
    HAL_GPIO_EXTI_Callback                   0x08001cc5   Thumb Code    40  gpio-board.o(i.HAL_GPIO_EXTI_Callback)
    HAL_GPIO_EXTI_IRQHandler                 0x08001cf1   Thumb Code    24  stm32l1xx_hal_gpio.o(i.HAL_GPIO_EXTI_IRQHandler)
    HAL_GPIO_Init                            0x08001d0d   Thumb Code   430  stm32l1xx_hal_gpio.o(i.HAL_GPIO_Init)
    HAL_GPIO_ReadPin                         0x08001edd   Thumb Code    16  stm32l1xx_hal_gpio.o(i.HAL_GPIO_ReadPin)
    HAL_GPIO_TogglePin                       0x08001eed   Thumb Code     8  stm32l1xx_hal_gpio.o(i.HAL_GPIO_TogglePin)
    HAL_GPIO_WritePin                        0x08001ef5   Thumb Code    12  stm32l1xx_hal_gpio.o(i.HAL_GPIO_WritePin)
    HAL_GetTick                              0x08001f01   Thumb Code     6  stm32l1xx_hal.o(i.HAL_GetTick)
    HAL_IncTick                              0x08001f0d   Thumb Code    12  stm32l1xx_hal.o(i.HAL_IncTick)
    HAL_Init                                 0x08001f1d   Thumb Code    22  stm32l1xx_hal.o(i.HAL_Init)
    HAL_InitTick                             0x08001f35   Thumb Code    36  stm32l1xx_hal.o(i.HAL_InitTick)
    HAL_MspInit                              0x08001f5d   Thumb Code     2  stm32l1xx_hal.o(i.HAL_MspInit)
    HAL_NVIC_EnableIRQ                       0x08001f5f   Thumb Code    26  stm32l1xx_hal_cortex.o(i.HAL_NVIC_EnableIRQ)
    HAL_NVIC_SetPriority                     0x08001f79   Thumb Code   124  stm32l1xx_hal_cortex.o(i.HAL_NVIC_SetPriority)
    HAL_NVIC_SetPriorityGrouping             0x08001ff5   Thumb Code    32  stm32l1xx_hal_cortex.o(i.HAL_NVIC_SetPriorityGrouping)
    HAL_PWREx_EnableFastWakeUp               0x0800201d   Thumb Code    20  stm32l1xx_hal_pwr_ex.o(i.HAL_PWREx_EnableFastWakeUp)
    HAL_PWREx_EnableUltraLowPower            0x08002035   Thumb Code    20  stm32l1xx_hal_pwr_ex.o(i.HAL_PWREx_EnableUltraLowPower)
    HAL_PWR_DisablePVD                       0x0800204d   Thumb Code    20  stm32l1xx_hal_pwr.o(i.HAL_PWR_DisablePVD)
    HAL_PWR_EnterSTOPMode                    0x08002065   Thumb Code    54  stm32l1xx_hal_pwr.o(i.HAL_PWR_EnterSTOPMode)
    HAL_RCCEx_PeriphCLKConfig                0x080020a5   Thumb Code   454  stm32l1xx_hal_rcc_ex.o(i.HAL_RCCEx_PeriphCLKConfig)
    HAL_RCC_ClockConfig                      0x08002279   Thumb Code   728  stm32l1xx_hal_rcc.o(i.HAL_RCC_ClockConfig)
    HAL_RCC_GetHCLKFreq                      0x08002561   Thumb Code     6  stm32l1xx_hal_rcc.o(i.HAL_RCC_GetHCLKFreq)
    HAL_RCC_GetPCLK1Freq                     0x0800256d   Thumb Code    36  stm32l1xx_hal_rcc.o(i.HAL_RCC_GetPCLK1Freq)
    HAL_RCC_GetPCLK2Freq                     0x08002599   Thumb Code    36  stm32l1xx_hal_rcc.o(i.HAL_RCC_GetPCLK2Freq)
    HAL_RCC_GetSysClockFreq                  0x080025c5   Thumb Code   164  stm32l1xx_hal_rcc.o(i.HAL_RCC_GetSysClockFreq)
    HAL_RCC_OscConfig                        0x08002679   Thumb Code  2484  stm32l1xx_hal_rcc.o(i.HAL_RCC_OscConfig)
    HAL_RTCEx_AlarmBEventCallback            0x08003035   Thumb Code     2  stm32l1xx_hal_rtc_ex.o(i.HAL_RTCEx_AlarmBEventCallback)
    HAL_RTCEx_DeactivateWakeUpTimer          0x08003037   Thumb Code   152  stm32l1xx_hal_rtc_ex.o(i.HAL_RTCEx_DeactivateWakeUpTimer)
    HAL_RTC_AlarmAEventCallback              0x080030cf   Thumb Code     2  stm32l1xx_hal_rtc.o(i.HAL_RTC_AlarmAEventCallback)
    HAL_RTC_AlarmIRQHandler                  0x080030d1   Thumb Code   102  stm32l1xx_hal_rtc.o(i.HAL_RTC_AlarmIRQHandler)
    HAL_RTC_DeactivateAlarm                  0x0800313d   Thumb Code   244  stm32l1xx_hal_rtc.o(i.HAL_RTC_DeactivateAlarm)
    HAL_RTC_GetAlarm                         0x08003231   Thumb Code   130  stm32l1xx_hal_rtc_ex.o(i.HAL_RTC_GetAlarm)
    HAL_RTC_GetDate                          0x080032b5   Thumb Code    72  stm32l1xx_hal_rtc.o(i.HAL_RTC_GetDate)
    HAL_RTC_GetTime                          0x08003301   Thumb Code    80  stm32l1xx_hal_rtc_ex.o(i.HAL_RTC_GetTime)
    HAL_RTC_Init                             0x08003355   Thumb Code   176  stm32l1xx_hal_rtc.o(i.HAL_RTC_Init)
    HAL_RTC_MspInit                          0x08003409   Thumb Code     2  stm32l1xx_hal_rtc.o(i.HAL_RTC_MspInit)
    HAL_RTC_SetAlarm_IT                      0x0800340d   Thumb Code   522  stm32l1xx_hal_rtc_ex.o(i.HAL_RTC_SetAlarm_IT)
    HAL_RTC_SetDate                          0x0800361d   Thumb Code   260  stm32l1xx_hal_rtc.o(i.HAL_RTC_SetDate)
    HAL_RTC_SetTime                          0x08003725   Thumb Code   294  stm32l1xx_hal_rtc.o(i.HAL_RTC_SetTime)
    HAL_RTC_WaitForSynchro                   0x08003851   Thumb Code    58  stm32l1xx_hal_rtc_ex.o(i.HAL_RTC_WaitForSynchro)
    HAL_SPI_DeInit                           0x0800388b   Thumb Code    48  stm32l1xx_hal_spi.o(i.HAL_SPI_DeInit)
    HAL_SPI_Init                             0x080038bb   Thumb Code   124  stm32l1xx_hal_spi_ex.o(i.HAL_SPI_Init)
    HAL_SPI_MspDeInit                        0x08003937   Thumb Code     2  stm32l1xx_hal_spi.o(i.HAL_SPI_MspDeInit)
    HAL_SPI_MspInit                          0x08003939   Thumb Code     2  stm32l1xx_hal_spi.o(i.HAL_SPI_MspInit)
    HAL_SYSTICK_CLKSourceConfig              0x0800393b   Thumb Code    40  stm32l1xx_hal_cortex.o(i.HAL_SYSTICK_CLKSourceConfig)
    HAL_SYSTICK_Callback                     0x08003963   Thumb Code     2  stm32l1xx_hal_cortex.o(i.HAL_SYSTICK_Callback)
    HAL_SYSTICK_Config                       0x08003965   Thumb Code    52  stm32l1xx_hal_cortex.o(i.HAL_SYSTICK_Config)
    HAL_SYSTICK_IRQHandler                   0x08003999   Thumb Code     8  stm32l1xx_hal_cortex.o(i.HAL_SYSTICK_IRQHandler)
    HAL_TIM_Base_Init                        0x080039a1   Thumb Code    52  stm32l1xx_hal_tim.o(i.HAL_TIM_Base_Init)
    HAL_TIM_Base_MspInit                     0x080039d5   Thumb Code   166  tim-board.o(i.HAL_TIM_Base_MspInit)
    HAL_TIM_Base_Start_IT                    0x08003a89   Thumb Code    30  stm32l1xx_hal_tim.o(i.HAL_TIM_Base_Start_IT)
    HAL_TIM_IC_CaptureCallback               0x08003aa7   Thumb Code     2  stm32l1xx_hal_tim.o(i.HAL_TIM_IC_CaptureCallback)
    HAL_TIM_IRQHandler                       0x08003aa9   Thumb Code   338  stm32l1xx_hal_tim.o(i.HAL_TIM_IRQHandler)
    HAL_TIM_OC_DelayElapsedCallback          0x08003bfb   Thumb Code     2  stm32l1xx_hal_tim.o(i.HAL_TIM_OC_DelayElapsedCallback)
    HAL_TIM_PWM_PulseFinishedCallback        0x08003bfd   Thumb Code     2  stm32l1xx_hal_tim.o(i.HAL_TIM_PWM_PulseFinishedCallback)
    HAL_TIM_PeriodElapsedCallback            0x08003c01   Thumb Code    96  tim-board.o(i.HAL_TIM_PeriodElapsedCallback)
    HAL_TIM_TriggerCallback                  0x08003c7d   Thumb Code     2  stm32l1xx_hal_tim.o(i.HAL_TIM_TriggerCallback)
    HAL_UART_Init                            0x08003c7f   Thumb Code   110  stm32l1xx_hal_uart.o(i.HAL_UART_Init)
    HAL_UART_MspInit                         0x08003ced   Thumb Code     2  stm32l1xx_hal_uart.o(i.HAL_UART_MspInit)
    HAL_UART_Receive_IT                      0x08003cef   Thumb Code   134  stm32l1xx_hal_uart.o(i.HAL_UART_Receive_IT)
    I2c_Init                                 0x08003d75   Thumb Code    78  hal_temhum.o(i.I2c_Init)
    I2c_ReadByte                             0x08003dcd   Thumb Code   190  hal_temhum.o(i.I2c_ReadByte)
    I2c_SclInOutInit                         0x08003e91   Thumb Code    52  hal_temhum.o(i.I2c_SclInOutInit)
    I2c_StartCondition                       0x08003ec9   Thumb Code    68  hal_temhum.o(i.I2c_StartCondition)
    I2c_StopCondition                        0x08003f11   Thumb Code    68  hal_temhum.o(i.I2c_StopCondition)
    I2c_WriteByte                            0x08003f99   Thumb Code   152  hal_temhum.o(i.I2c_WriteByte)
    I2c_sdaInOutInit                         0x08004035   Thumb Code    52  hal_temhum.o(i.I2c_sdaInOutInit)
    LoRa_DataParse                           0x0800406d   Thumb Code   234  main.o(i.LoRa_DataParse)
    LoRa_GetSensorDataProcess                0x0800418d   Thumb Code   130  main.o(i.LoRa_GetSensorDataProcess)
    MemManage_Handler                        0x08004231   Thumb Code     4  sysirqhandlers.o(i.MemManage_Handler)
    MyRadioRxDoneProcess                     0x08004235   Thumb Code    36  main.o(i.MyRadioRxDoneProcess)
    NMI_Handler                              0x0800425d   Thumb Code     2  sysirqhandlers.o(i.NMI_Handler)
    NS_RadioEventsInit                       0x08004261   Thumb Code    34  ns_radio.o(i.NS_RadioEventsInit)
    NS_RadioInit                             0x080042a1   Thumb Code    38  ns_radio.o(i.NS_RadioInit)
    NS_RadioSetTxRxConfig                    0x080042cd   Thumb Code   106  ns_radio.o(i.NS_RadioSetTxRxConfig)
    OLED_Clear                               0x08004375   Thumb Code    64  hal_oled.o(i.OLED_Clear)
    OLED_Init                                0x080043b5   Thumb Code   320  hal_oled.o(i.OLED_Init)
    OLED_InitView                            0x08004505   Thumb Code    28  main.o(i.OLED_InitView)
    OLED_Set_Pos                             0x08004541   Thumb Code    46  hal_oled.o(i.OLED_Set_Pos)
    OLED_ShowChar                            0x08004571   Thumb Code   106  hal_oled.o(i.OLED_ShowChar)
    OLED_ShowString                          0x080045e1   Thumb Code    54  hal_oled.o(i.OLED_ShowString)
    OLED_WR_Byte                             0x08004619   Thumb Code   108  hal_oled.o(i.OLED_WR_Byte)
    OnRxDone                                 0x080046a1   Thumb Code    56  ns_radio.o(i.OnRxDone)
    OnRxError                                0x080046ed   Thumb Code    20  ns_radio.o(i.OnRxError)
    OnRxTimeout                              0x08004705   Thumb Code    20  ns_radio.o(i.OnRxTimeout)
    OnTxDone                                 0x0800471d   Thumb Code    20  ns_radio.o(i.OnTxDone)
    OnTxTimeout                              0x08004735   Thumb Code    20  ns_radio.o(i.OnTxTimeout)
    PlatformInit                             0x0800474d   Thumb Code    72  main.o(i.PlatformInit)
    RTC_Alarm_IRQHandler                     0x08004869   Thumb Code    38  rtc-board.o(i.RTC_Alarm_IRQHandler)
    RTC_Bcd2ToByte                           0x08004895   Thumb Code    22  stm32l1xx_hal_rtc.o(i.RTC_Bcd2ToByte)
    RTC_ByteToBcd2                           0x080048ab   Thumb Code    26  stm32l1xx_hal_rtc.o(i.RTC_ByteToBcd2)
    RTC_EnterInitMode                        0x080048c5   Thumb Code    62  stm32l1xx_hal_rtc.o(i.RTC_EnterInitMode)
    ReadRadioRxBuffer                        0x08004905   Thumb Code    36  ns_radio.o(i.ReadRadioRxBuffer)
    RtcEnterLowPowerStopMode                 0x08004df1   Thumb Code    54  rtc-board.o(i.RtcEnterLowPowerStopMode)
    RtcGetAdjustedTimeoutValue               0x08004e35   Thumb Code    62  rtc-board.o(i.RtcGetAdjustedTimeoutValue)
    RtcGetElapsedAlarmTime                   0x08004ec5   Thumb Code    38  rtc-board.o(i.RtcGetElapsedAlarmTime)
    RtcInit                                  0x08004ef1   Thumb Code   158  rtc-board.o(i.RtcInit)
    RtcRecoverMcuStatus                      0x08004fa1   Thumb Code    60  rtc-board.o(i.RtcRecoverMcuStatus)
    RtcSetTimeout                            0x08004fe9   Thumb Code    12  rtc-board.o(i.RtcSetTimeout)
    SHT1X_Init                               0x08005145   Thumb Code    24  hal_temhum.o(i.SHT1X_Init)
    SHT3X_GetTempAndHumi                     0x08005213   Thumb Code    68  hal_temhum.o(i.SHT3X_GetTempAndHumi)
    SHT3X_GetTempAndHumiClkStretch           0x08005257   Thumb Code   140  hal_temhum.o(i.SHT3X_GetTempAndHumiClkStretch)
    SHT3X_GetTempAndHumiPolling              0x080052e3   Thumb Code   176  hal_temhum.o(i.SHT3X_GetTempAndHumiPolling)
    SHT3X_HardReset                          0x08005395   Thumb Code    18  hal_temhum.o(i.SHT3X_HardReset)
    SHT3X_Init                               0x080053ad   Thumb Code    48  hal_temhum.o(i.SHT3X_Init)
    SHT3X_SetI2cAdr                          0x08005451   Thumb Code     6  hal_temhum.o(i.SHT3X_SetI2cAdr)
    SHT3X_SoftReset                          0x0800545d   Thumb Code    36  hal_temhum.o(i.SHT3X_SoftReset)
    SHT3x_ReadSerialNumber                   0x080054dd   Thumb Code    82  hal_temhum.o(i.SHT3x_ReadSerialNumber)
    SHTXX_Init                               0x08005531   Thumb Code    46  hal_temhum.o(i.SHTXX_Init)
    SX1276AntSwDeInit                        0x0800559d   Thumb Code     2  sx1276-board.o(i.SX1276AntSwDeInit)
    SX1276AntSwInit                          0x0800559f   Thumb Code     2  sx1276-board.o(i.SX1276AntSwInit)
    SX1276CheckRfFrequency                   0x080055a1   Thumb Code     6  sx1276-board.o(i.SX1276CheckRfFrequency)
    SX1276GetPaSelect                        0x080055a9   Thumb Code    16  sx1276-board.o(i.SX1276GetPaSelect)
    SX1276GetStatus                          0x080055bd   Thumb Code     8  sx1276.o(i.SX1276GetStatus)
    SX1276GetTimeOnAir                       0x080055c9   Thumb Code   628  sx1276.o(i.SX1276GetTimeOnAir)
    SX1276Init                               0x08005865   Thumb Code   114  sx1276.o(i.SX1276Init)
    SX1276IoDeInit                           0x080058f9   Thumb Code    64  sx1276-board.o(i.SX1276IoDeInit)
    SX1276IoInit                             0x0800593d   Thumb Code    66  sx1276-board.o(i.SX1276IoInit)
    SX1276IoIrqInit                          0x08005985   Thumb Code    32  sx1276-board.o(i.SX1276IoIrqInit)
    SX1276IsChannelFree                      0x080059a9   Thumb Code    62  sx1276.o(i.SX1276IsChannelFree)
    SX1276OnDio0Irq                          0x080059e9   Thumb Code   872  sx1276.o(i.SX1276OnDio0Irq)
    SX1276OnDio1Irq                          0x08005d71   Thumb Code   404  sx1276.o(i.SX1276OnDio1Irq)
    SX1276OnDio2Irq                          0x08005f19   Thumb Code   322  sx1276.o(i.SX1276OnDio2Irq)
    SX1276OnDio3Irq                          0x0800606d   Thumb Code   104  sx1276.o(i.SX1276OnDio3Irq)
    SX1276OnDio4Irq                          0x080060dd   Thumb Code    40  sx1276.o(i.SX1276OnDio4Irq)
    SX1276OnTimeoutIrq                       0x08006109   Thumb Code   252  sx1276.o(i.SX1276OnTimeoutIrq)
    SX1276Random                             0x08006215   Thumb Code    64  sx1276.o(i.SX1276Random)
    SX1276Read                               0x08006255   Thumb Code    20  sx1276.o(i.SX1276Read)
    SX1276ReadBuffer                         0x08006269   Thumb Code    66  sx1276.o(i.SX1276ReadBuffer)
    SX1276ReadFifo                           0x080062b1   Thumb Code    18  sx1276.o(i.SX1276ReadFifo)
    SX1276ReadRssi                           0x080062c5   Thumb Code    74  sx1276.o(i.SX1276ReadRssi)
    SX1276Reset                              0x08006319   Thumb Code     2  sx1276.o(i.SX1276Reset)
    SX1276Send                               0x0800631d   Thumb Code   300  sx1276.o(i.SX1276Send)
    SX1276SetAntSw                           0x08006451   Thumb Code    32  sx1276-board.o(i.SX1276SetAntSw)
    SX1276SetAntSwLowPower                   0x08006471   Thumb Code    28  sx1276-board.o(i.SX1276SetAntSwLowPower)
    SX1276SetChannel                         0x08006491   Thumb Code    68  sx1276.o(i.SX1276SetChannel)
    SX1276SetMaxPayloadLength                0x080064dd   Thumb Code    52  sx1276.o(i.SX1276SetMaxPayloadLength)
    SX1276SetModem                           0x08006515   Thumb Code   154  sx1276.o(i.SX1276SetModem)
    SX1276SetOpMode                          0x080065b5   Thumb Code    50  sx1276.o(i.SX1276SetOpMode)
    SX1276SetPublicNetwork                   0x080065e9   Thumb Code    40  sx1276.o(i.SX1276SetPublicNetwork)
    SX1276SetRfTxPower                       0x08006615   Thumb Code   188  sx1276-board.o(i.SX1276SetRfTxPower)
    SX1276SetRx                              0x080066d5   Thumb Code   746  sx1276.o(i.SX1276SetRx)
    SX1276SetRxConfig                        0x080069e9   Thumb Code   784  sx1276.o(i.SX1276SetRxConfig)
    SX1276SetSleep                           0x08006d11   Thumb Code    30  sx1276.o(i.SX1276SetSleep)
    SX1276SetStby                            0x08006d3d   Thumb Code    30  sx1276.o(i.SX1276SetStby)
    SX1276SetTx                              0x08006d69   Thumb Code   182  sx1276.o(i.SX1276SetTx)
    SX1276SetTxConfig                        0x08006e29   Thumb Code   608  sx1276.o(i.SX1276SetTxConfig)
    SX1276SetTxContinuousWave                0x08007095   Thumb Code   148  sx1276.o(i.SX1276SetTxContinuousWave)
    SX1276StartCad                           0x08007135   Thumb Code    66  sx1276.o(i.SX1276StartCad)
    SX1276Write                              0x0800717d   Thumb Code    16  sx1276.o(i.SX1276Write)
    SX1276WriteBuffer                        0x0800718d   Thumb Code    64  sx1276.o(i.SX1276WriteBuffer)
    SX1276WriteFifo                          0x080071d1   Thumb Code    18  sx1276.o(i.SX1276WriteFifo)
    Serial_DataInOutInit                     0x080071e5   Thumb Code    52  hal_temhum.o(i.Serial_DataInOutInit)
    Serial_Init                              0x0800723d   Thumb Code    78  hal_temhum.o(i.Serial_Init)
    SpiDeInit                                0x08007295   Thumb Code   102  spi-board.o(i.SpiDeInit)
    SpiFormat                                0x080072fb   Thumb Code    52  spi-board.o(i.SpiFormat)
    SpiFrequency                             0x08007331   Thumb Code    74  spi-board.o(i.SpiFrequency)
    SpiInOut                                 0x08007381   Thumb Code    80  spi-board.o(i.SpiInOut)
    SpiInit                                  0x080073d1   Thumb Code   434  spi-board.o(i.SpiInit)
    SysTick_Handler                          0x08007595   Thumb Code    12  board.o(i.SysTick_Handler)
    SystemInit                               0x08007761   Thumb Code    82  system_stm32l1xx.o(i.SystemInit)
    TIM2_IRQHandler                          0x080077c5   Thumb Code    10  tim-board.o(i.TIM2_IRQHandler)
    TIM3_IRQHandler                          0x080077d5   Thumb Code    10  tim-board.o(i.TIM3_IRQHandler)
    TIM4_IRQHandler                          0x080077e5   Thumb Code    10  tim-board.o(i.TIM4_IRQHandler)
    Tim3McuInit                              0x08007865   Thumb Code    72  tim-board.o(i.Tim3McuInit)
    TimerGetValue                            0x08007909   Thumb Code     8  timer.o(i.TimerGetValue)
    TimerInit                                0x08007911   Thumb Code    14  timer.o(i.TimerInit)
    TimerIrqHandler                          0x080079b9   Thumb Code   136  timer.o(i.TimerIrqHandler)
    TimerLowPowerHandler                     0x08007a45   Thumb Code    58  timer.o(i.TimerLowPowerHandler)
    TimerSetValue                            0x08007aa9   Thumb Code    18  timer.o(i.TimerSetValue)
    TimerStart                               0x08007abd   Thumb Code   132  timer.o(i.TimerStart)
    TimerStop                                0x08007b45   Thumb Code   230  timer.o(i.TimerStop)
    USART1_GetFlagStatus                     0x08007f89   Thumb Code    20  usart1-board.o(i.USART1_GetFlagStatus)
    USART1_IRQHandler                        0x08007fa1   Thumb Code    58  usart1-board.o(i.USART1_IRQHandler)
    USART1_Init                              0x08007fed   Thumb Code    38  usart1-board.o(i.USART1_Init)
    USART1_ReceiveData                       0x08008019   Thumb Code    10  usart1-board.o(i.USART1_ReceiveData)
    UartConfig                               0x08008029   Thumb Code    52  uart.o(i.UartConfig)
    UartInit                                 0x0800805d   Thumb Code    40  uart.o(i.UartInit)
    UartMcuConfig                            0x08008085   Thumb Code   268  uart-board.o(i.UartMcuConfig)
    UartMcuInit                              0x0800819d   Thumb Code   114  uart-board.o(i.UartMcuInit)
    UsageFault_Handler                       0x08008215   Thumb Code     4  sysirqhandlers.o(i.UsageFault_Handler)
    __ARM_fpclassify                         0x08008219   Thumb Code    40  fpclassify.o(i.__ARM_fpclassify)
    _is_digit                                0x08008241   Thumb Code    14  __printf_wp.o(i._is_digit)
    _sys_exit                                0x0800824f   Thumb Code     4  usart1-board.o(i._sys_exit)
    calc_sth11                               0x08008255   Thumb Code   206  hal_temhum.o(i.calc_sth11)
    call_sht11                               0x0800835d   Thumb Code   142  hal_temhum.o(i.call_sht11)
    call_sht1x                               0x08008445   Thumb Code   186  hal_temhum.o(i.call_sht1x)
    ceil                                     0x08008525   Thumb Code   204  ceil.o(i.ceil)
    connectionreset                          0x08008601   Thumb Code     2  hal_temhum.o(i.connectionreset)
    floor                                    0x08008605   Thumb Code   204  floor.o(i.floor)
    fputc                                    0x080086e1   Thumb Code    24  usart1-board.o(i.fputc)
    hal_temHumInit                           0x080086fd   Thumb Code     8  hal_temhum.o(i.hal_temHumInit)
    main                                     0x08008705   Thumb Code    16  main.o(i.main)
    memcpy1                                  0x08008715   Thumb Code    24  utilities.o(i.memcpy1)
    round                                    0x0800872d   Thumb Code   136  round.o(i.round)
    s_connectionreset                        0x080087c1   Thumb Code    72  hal_temhum.o(i.s_connectionreset)
    s_measure                                0x0800880d   Thumb Code   148  hal_temhum.o(i.s_measure)
    s_read_byte                              0x080088a5   Thumb Code   160  hal_temhum.o(i.s_read_byte)
    s_softreset                              0x08008949   Thumb Code    22  hal_temhum.o(i.s_softreset)
    s_transstart                             0x08008961   Thumb Code   120  hal_temhum.o(i.s_transstart)
    s_write_byte                             0x080089dd   Thumb Code   178  hal_temhum.o(i.s_write_byte)
    _get_lc_numeric                          0x08008a95   Thumb Code    44  lc_numeric_c.o(locale$$code)
    __aeabi_d2f                              0x08008ac1   Thumb Code     0  d2f.o(x$fpl$d2f)
    _d2f                                     0x08008ac1   Thumb Code    98  d2f.o(x$fpl$d2f)
    __aeabi_dadd                             0x08008b25   Thumb Code     0  daddsub_clz.o(x$fpl$dadd)
    _dadd                                    0x08008b25   Thumb Code   332  daddsub_clz.o(x$fpl$dadd)
    __fpl_dcmp_Inf                           0x08008c75   Thumb Code    24  dcmpi.o(x$fpl$dcmpinf)
    __aeabi_ddiv                             0x08008c8d   Thumb Code     0  ddiv.o(x$fpl$ddiv)
    _ddiv                                    0x08008c8d   Thumb Code   552  ddiv.o(x$fpl$ddiv)
    __aeabi_d2iz                             0x08008f3d   Thumb Code     0  dfix.o(x$fpl$dfix)
    _dfix                                    0x08008f3d   Thumb Code    94  dfix.o(x$fpl$dfix)
    __aeabi_d2uiz                            0x08008f9d   Thumb Code     0  dfixu.o(x$fpl$dfixu)
    _dfixu                                   0x08008f9d   Thumb Code    90  dfixu.o(x$fpl$dfixu)
    __aeabi_i2d                              0x08008ff7   Thumb Code     0  dflt_clz.o(x$fpl$dflt)
    _dflt                                    0x08008ff7   Thumb Code    46  dflt_clz.o(x$fpl$dflt)
    __aeabi_ui2d                             0x08009025   Thumb Code     0  dflt_clz.o(x$fpl$dfltu)
    _dfltu                                   0x08009025   Thumb Code    38  dflt_clz.o(x$fpl$dfltu)
    __aeabi_cdcmple                          0x0800904d   Thumb Code     0  dleqf.o(x$fpl$dleqf)
    _dcmple                                  0x0800904d   Thumb Code   120  dleqf.o(x$fpl$dleqf)
    __fpl_dcmple_InfNaN                      0x080090af   Thumb Code     0  dleqf.o(x$fpl$dleqf)
    __aeabi_dmul                             0x080090c5   Thumb Code     0  dmul.o(x$fpl$dmul)
    _dmul                                    0x080090c5   Thumb Code   332  dmul.o(x$fpl$dmul)
    __fpl_dnaninf                            0x08009219   Thumb Code   156  dnaninf.o(x$fpl$dnaninf)
    __fpl_dretinf                            0x080092b5   Thumb Code    12  dretinf.o(x$fpl$dretinf)
    __aeabi_cdrcmple                         0x080092c1   Thumb Code     0  drleqf.o(x$fpl$drleqf)
    _drcmple                                 0x080092c1   Thumb Code   108  drleqf.o(x$fpl$drleqf)
    _drnd                                    0x0800932d   Thumb Code   180  drnd.o(x$fpl$drnd)
    __aeabi_drsub                            0x080093e1   Thumb Code     0  daddsub_clz.o(x$fpl$drsb)
    _drsb                                    0x080093e1   Thumb Code    22  daddsub_clz.o(x$fpl$drsb)
    __aeabi_dsub                             0x080093f9   Thumb Code     0  daddsub_clz.o(x$fpl$dsub)
    _dsub                                    0x080093f9   Thumb Code   464  daddsub_clz.o(x$fpl$dsub)
    __aeabi_f2d                              0x080095cd   Thumb Code     0  f2d.o(x$fpl$f2d)
    _f2d                                     0x080095cd   Thumb Code    86  f2d.o(x$fpl$f2d)
    __aeabi_fadd                             0x08009625   Thumb Code     0  faddsub_clz.o(x$fpl$fadd)
    _fadd                                    0x08009625   Thumb Code   196  faddsub_clz.o(x$fpl$fadd)
    __fpl_fcmp_Inf                           0x080096e9   Thumb Code    24  fcmpi.o(x$fpl$fcmpinf)
    __aeabi_fdiv                             0x08009701   Thumb Code     0  fdiv.o(x$fpl$fdiv)
    _fdiv                                    0x08009701   Thumb Code   384  fdiv.o(x$fpl$fdiv)
    __aeabi_f2iz                             0x08009885   Thumb Code     0  ffix.o(x$fpl$ffix)
    _ffix                                    0x08009885   Thumb Code    54  ffix.o(x$fpl$ffix)
    __aeabi_f2uiz                            0x080098bd   Thumb Code     0  ffixu.o(x$fpl$ffixu)
    _ffixu                                   0x080098bd   Thumb Code    62  ffixu.o(x$fpl$ffixu)
    __aeabi_ui2f                             0x080098fd   Thumb Code     0  fflt_clz.o(x$fpl$ffltu)
    _ffltu                                   0x080098fd   Thumb Code    38  fflt_clz.o(x$fpl$ffltu)
    __aeabi_cfcmple                          0x08009925   Thumb Code     0  fleqf.o(x$fpl$fleqf)
    _fcmple                                  0x08009925   Thumb Code   104  fleqf.o(x$fpl$fleqf)
    __fpl_fcmple_InfNaN                      0x08009977   Thumb Code     0  fleqf.o(x$fpl$fleqf)
    __aeabi_fmul                             0x0800998d   Thumb Code     0  fmul.o(x$fpl$fmul)
    _fmul                                    0x0800998d   Thumb Code   258  fmul.o(x$fpl$fmul)
    __fpl_fnaninf                            0x08009a8f   Thumb Code   140  fnaninf.o(x$fpl$fnaninf)
    __fpl_fretinf                            0x08009b1b   Thumb Code    10  fretinf.o(x$fpl$fretinf)
    __aeabi_cfrcmple                         0x08009b25   Thumb Code     0  frleqf.o(x$fpl$frleqf)
    _frcmple                                 0x08009b25   Thumb Code    98  frleqf.o(x$fpl$frleqf)
    __aeabi_fsub                             0x08009b89   Thumb Code     0  faddsub_clz.o(x$fpl$fsub)
    _fsub                                    0x08009b89   Thumb Code   234  faddsub_clz.o(x$fpl$fsub)
    _printf_fp_dec                           0x08009c73   Thumb Code     4  printf1.o(x$fpl$printf1)
    __I$use$fp                               0x08009c76   Number         0  usenofp.o(x$fpl$usenofp)
    Radio                                    0x08009c90   Data          92  sx1276-board.o(.constdata)
    PLLMulTable                              0x08009cec   Data           9  system_stm32l1xx.o(.constdata)
    AHBPrescTable                            0x08009cf5   Data          16  system_stm32l1xx.o(.constdata)
    APBPrescTable                            0x08009d05   Data           8  system_stm32l1xx.o(.constdata)
    F6x8                                     0x08009d0d   Data         552  hal_oled.o(.constdata)
    F8X16                                    0x08009f35   Data        1520  hal_oled.o(.constdata)
    F8X16_2                                  0x0800a525   Data        1520  hal_oled.o(.constdata)
    RadioRegsInit                            0x0800ab18   Data          48  sx1276.o(.constdata)
    FskBandwidths                            0x0800ab48   Data         176  sx1276.o(.constdata)
    Region$$Table$$Base                      0x0800aca0   Number         0  anon$$obj.o(Region$$Table)
    Region$$Table$$Limit                     0x0800acc0   Number         0  anon$$obj.o(Region$$Table)
    temperature                              0x20000000   Data           1  main.o(.data)
    humidity                                 0x20000001   Data           1  main.o(.data)
    NonScheduledWakeUp                       0x2000000f   Data           1  rtc-board.o(.data)
    McuWakeUpTime                            0x20000014   Data           4  rtc-board.o(.data)
    User0Timer_MS                            0x2000001e   Data           2  tim-board.o(.data)
    User0Timer_S                             0x20000020   Data           1  tim-board.o(.data)
    USART1_RX_TIMEOUT_COUNT                  0x20000021   Data           1  tim-board.o(.data)
    RxData                                   0x20000022   Data           1  uart-board.o(.data)
    TxData                                   0x20000023   Data           1  uart-board.o(.data)
    USART1_RX_COUNT                          0x20000024   Data           2  usart1-board.o(.data)
    F_USART1_RX_FINISH                       0x20000026   Data           1  usart1-board.o(.data)
    F_USART1_RX_RECEIVING                    0x20000027   Data           1  usart1-board.o(.data)
    __stdout                                 0x20000028   Data           4  usart1-board.o(.data)
    SystemCoreClock                          0x2000002c   Data           4  system_stm32l1xx.o(.data)
    uwTick                                   0x20000030   Data           4  stm32l1xx_hal.o(.data)
    ShtFlag                                  0x20000034   Data           1  hal_temhum.o(.data)
    DioIrq                                   0x2000003c   Data          24  sx1276.o(.data)
    HasLoopedThroughMain                     0x20000058   Data           1  timer.o(.data)
    Led1                                     0x2000017c   Data          12  board.o(.bss)
    Led2                                     0x20000188   Data          12  board.o(.bss)
    Adc                                      0x20000194   Data          12  board.o(.bss)
    Uart1                                    0x200001a0   Data          56  board.o(.bss)
    RtcCalendarContext                       0x2000022c   Data          20  rtc-board.o(.bss)
    RtcHandle                                0x20000240   Data          32  rtc-board.o(.bss)
    Tim2Handle                               0x20000260   Data          56  tim-board.o(.bss)
    Tim3Handle                               0x20000298   Data          56  tim-board.o(.bss)
    Tim4Handle                               0x200002d0   Data          56  tim-board.o(.bss)
    UartHandle                               0x20000308   Data          64  uart-board.o(.bss)
    USART1_RX_BUF                            0x20000348   Data         255  usart1-board.o(.bss)
    OLED_CS_PIN                              0x20000448   Data          12  hal_oled.o(.bss)
    OLED_DC_PIN                              0x20000454   Data          12  hal_oled.o(.bss)
    OLED_SCLK_PIN                            0x20000460   Data          12  hal_oled.o(.bss)
    OLED_SDIN_PIN                            0x2000046c   Data          12  hal_oled.o(.bss)
    SX1276                                   0x20000578   Data         320  sx1276.o(.bss)
    TxTimeoutTimer                           0x200006b8   Data          20  sx1276.o(.bss)
    RxTimeoutTimer                           0x200006cc   Data          20  sx1276.o(.bss)
    RxTimeoutSyncWord                        0x200006e0   Data          20  sx1276.o(.bss)
    __libspace_start                         0x200006f4   Data          96  libspace.o(.bss)
    __temporary_stack_top$libspace           0x20000754   Data           0  libspace.o(.bss)



==============================================================================

Memory Map of the image

  Image Entry point : 0x080000f5

  Load Region LR_IROM1 (Base: 0x08000000, Size: 0x0000ad3c, Max: 0x00010000, ABSOLUTE)

    Execution Region ER_IROM1 (Exec base: 0x08000000, Load base: 0x08000000, Size: 0x0000acdc, Max: 0x00010000, ABSOLUTE)

    Exec Addr    Load Addr    Size         Type   Attr      Idx    E Section Name        Object

    0x08000000   0x08000000   0x000000f4   Data   RO         1348    RESET               startup_stm32l151xb.o
    0x080000f4   0x080000f4   0x00000008   Code   RO         6790  * !!!main             c_w.l(__main.o)
    0x080000fc   0x080000fc   0x00000034   Code   RO         7096    !!!scatter          c_w.l(__scatter.o)
    0x08000130   0x08000130   0x0000001a   Code   RO         7098    !!handler_copy      c_w.l(__scatter_copy.o)
    0x0800014a   0x0800014a   0x00000002   PAD
    0x0800014c   0x0800014c   0x0000001c   Code   RO         7100    !!handler_zi        c_w.l(__scatter_zi.o)
    0x08000168   0x08000168   0x00000000   Code   RO         6777    .ARM.Collect$$_printf_percent$$00000000  c_w.l(_printf_percent.o)
    0x08000168   0x08000168   0x00000006   Code   RO         6776    .ARM.Collect$$_printf_percent$$00000003  c_w.l(_printf_f.o)
    0x0800016e   0x0800016e   0x00000006   Code   RO         6774    .ARM.Collect$$_printf_percent$$00000009  c_w.l(_printf_d.o)
    0x08000174   0x08000174   0x00000006   Code   RO         6775    .ARM.Collect$$_printf_percent$$0000000A  c_w.l(_printf_u.o)
    0x0800017a   0x0800017a   0x00000004   Code   RO         6881    .ARM.Collect$$_printf_percent$$00000017  c_w.l(_printf_percent_end.o)
    0x0800017e   0x0800017e   0x00000002   Code   RO         6973    .ARM.Collect$$libinit$$00000000  c_w.l(libinit.o)
    0x08000180   0x08000180   0x00000000   Code   RO         6975    .ARM.Collect$$libinit$$00000002  c_w.l(libinit2.o)
    0x08000180   0x08000180   0x00000000   Code   RO         6977    .ARM.Collect$$libinit$$00000004  c_w.l(libinit2.o)
    0x08000180   0x08000180   0x00000000   Code   RO         6980    .ARM.Collect$$libinit$$0000000A  c_w.l(libinit2.o)
    0x08000180   0x08000180   0x00000000   Code   RO         6982    .ARM.Collect$$libinit$$0000000C  c_w.l(libinit2.o)
    0x08000180   0x08000180   0x00000000   Code   RO         6984    .ARM.Collect$$libinit$$0000000E  c_w.l(libinit2.o)
    0x08000180   0x08000180   0x00000006   Code   RO         6985    .ARM.Collect$$libinit$$0000000F  c_w.l(libinit2.o)
    0x08000186   0x08000186   0x00000000   Code   RO         6987    .ARM.Collect$$libinit$$00000011  c_w.l(libinit2.o)
    0x08000186   0x08000186   0x00000000   Code   RO         6989    .ARM.Collect$$libinit$$00000013  c_w.l(libinit2.o)
    0x08000186   0x08000186   0x00000000   Code   RO         6991    .ARM.Collect$$libinit$$00000015  c_w.l(libinit2.o)
    0x08000186   0x08000186   0x0000000a   Code   RO         6992    .ARM.Collect$$libinit$$00000016  c_w.l(libinit2.o)
    0x08000190   0x08000190   0x00000000   Code   RO         6993    .ARM.Collect$$libinit$$00000017  c_w.l(libinit2.o)
    0x08000190   0x08000190   0x00000000   Code   RO         6995    .ARM.Collect$$libinit$$00000019  c_w.l(libinit2.o)
    0x08000190   0x08000190   0x00000000   Code   RO         6997    .ARM.Collect$$libinit$$0000001B  c_w.l(libinit2.o)
    0x08000190   0x08000190   0x00000000   Code   RO         6999    .ARM.Collect$$libinit$$0000001D  c_w.l(libinit2.o)
    0x08000190   0x08000190   0x00000000   Code   RO         7001    .ARM.Collect$$libinit$$0000001F  c_w.l(libinit2.o)
    0x08000190   0x08000190   0x00000000   Code   RO         7003    .ARM.Collect$$libinit$$00000021  c_w.l(libinit2.o)
    0x08000190   0x08000190   0x00000000   Code   RO         7005    .ARM.Collect$$libinit$$00000023  c_w.l(libinit2.o)
    0x08000190   0x08000190   0x00000000   Code   RO         7007    .ARM.Collect$$libinit$$00000025  c_w.l(libinit2.o)
    0x08000190   0x08000190   0x00000000   Code   RO         7011    .ARM.Collect$$libinit$$0000002C  c_w.l(libinit2.o)
    0x08000190   0x08000190   0x00000000   Code   RO         7013    .ARM.Collect$$libinit$$0000002E  c_w.l(libinit2.o)
    0x08000190   0x08000190   0x00000000   Code   RO         7015    .ARM.Collect$$libinit$$00000030  c_w.l(libinit2.o)
    0x08000190   0x08000190   0x00000000   Code   RO         7017    .ARM.Collect$$libinit$$00000032  c_w.l(libinit2.o)
    0x08000190   0x08000190   0x00000002   Code   RO         7018    .ARM.Collect$$libinit$$00000033  c_w.l(libinit2.o)
    0x08000192   0x08000192   0x00000002   Code   RO         7046    .ARM.Collect$$libshutdown$$00000000  c_w.l(libshutdown.o)
    0x08000194   0x08000194   0x00000000   Code   RO         7055    .ARM.Collect$$libshutdown$$00000002  c_w.l(libshutdown2.o)
    0x08000194   0x08000194   0x00000000   Code   RO         7057    .ARM.Collect$$libshutdown$$00000004  c_w.l(libshutdown2.o)
    0x08000194   0x08000194   0x00000000   Code   RO         7060    .ARM.Collect$$libshutdown$$00000007  c_w.l(libshutdown2.o)
    0x08000194   0x08000194   0x00000000   Code   RO         7063    .ARM.Collect$$libshutdown$$0000000A  c_w.l(libshutdown2.o)
    0x08000194   0x08000194   0x00000000   Code   RO         7065    .ARM.Collect$$libshutdown$$0000000C  c_w.l(libshutdown2.o)
    0x08000194   0x08000194   0x00000000   Code   RO         7068    .ARM.Collect$$libshutdown$$0000000F  c_w.l(libshutdown2.o)
    0x08000194   0x08000194   0x00000002   Code   RO         7069    .ARM.Collect$$libshutdown$$00000010  c_w.l(libshutdown2.o)
    0x08000196   0x08000196   0x00000000   Code   RO         6870    .ARM.Collect$$rtentry$$00000000  c_w.l(__rtentry.o)
    0x08000196   0x08000196   0x00000000   Code   RO         6898    .ARM.Collect$$rtentry$$00000002  c_w.l(__rtentry2.o)
    0x08000196   0x08000196   0x00000006   Code   RO         6910    .ARM.Collect$$rtentry$$00000004  c_w.l(__rtentry4.o)
    0x0800019c   0x0800019c   0x00000000   Code   RO         6900    .ARM.Collect$$rtentry$$00000009  c_w.l(__rtentry2.o)
    0x0800019c   0x0800019c   0x00000004   Code   RO         6901    .ARM.Collect$$rtentry$$0000000A  c_w.l(__rtentry2.o)
    0x080001a0   0x080001a0   0x00000000   Code   RO         6903    .ARM.Collect$$rtentry$$0000000C  c_w.l(__rtentry2.o)
    0x080001a0   0x080001a0   0x00000008   Code   RO         6904    .ARM.Collect$$rtentry$$0000000D  c_w.l(__rtentry2.o)
    0x080001a8   0x080001a8   0x00000002   Code   RO         7019    .ARM.Collect$$rtexit$$00000000  c_w.l(rtexit.o)
    0x080001aa   0x080001aa   0x00000000   Code   RO         7026    .ARM.Collect$$rtexit$$00000002  c_w.l(rtexit2.o)
    0x080001aa   0x080001aa   0x00000004   Code   RO         7027    .ARM.Collect$$rtexit$$00000003  c_w.l(rtexit2.o)
    0x080001ae   0x080001ae   0x00000006   Code   RO         7028    .ARM.Collect$$rtexit$$00000004  c_w.l(rtexit2.o)
    0x080001b4   0x080001b4   0x00000040   Code   RO         1349    .text               startup_stm32l151xb.o
    0x080001f4   0x080001f4   0x00000002   Code   RO         6716    .text               c_w.l(use_no_semi_2.o)
    0x080001f6   0x080001f6   0x00000002   PAD
    0x080001f8   0x080001f8   0x00000018   Code   RO         6722    .text               c_w.l(noretval__2printf.o)
    0x08000210   0x08000210   0x00000028   Code   RO         6724    .text               c_w.l(noretval__2sprintf.o)
    0x08000238   0x08000238   0x0000004e   Code   RO         6728    .text               c_w.l(_printf_pad.o)
    0x08000286   0x08000286   0x00000002   PAD
    0x08000288   0x08000288   0x00000078   Code   RO         6730    .text               c_w.l(_printf_dec.o)
    0x08000300   0x08000300   0x00000188   Code   RO         6770    .text               c_w.l(__printf_flags_ss_wp.o)
    0x08000488   0x08000488   0x0000003e   Code   RO         6778    .text               c_w.l(strlen.o)
    0x080004c6   0x080004c6   0x0000008a   Code   RO         6780    .text               c_w.l(rt_memcpy_v6.o)
    0x08000550   0x08000550   0x00000064   Code   RO         6782    .text               c_w.l(rt_memcpy_w.o)
    0x080005b4   0x080005b4   0x0000004e   Code   RO         6786    .text               c_w.l(rt_memclr_w.o)
    0x08000602   0x08000602   0x00000006   Code   RO         6788    .text               c_w.l(heapauxi.o)
    0x08000608   0x08000608   0x00000002   Code   RO         6868    .text               c_w.l(use_no_semi.o)
    0x0800060a   0x0800060a   0x000000b2   Code   RO         6871    .text               c_w.l(_printf_intcommon.o)
    0x080006bc   0x080006bc   0x0000041e   Code   RO         6873    .text               c_w.l(_printf_fp_dec.o)
    0x08000ada   0x08000ada   0x00000002   PAD
    0x08000adc   0x08000adc   0x00000030   Code   RO         6875    .text               c_w.l(_printf_char_common.o)
    0x08000b0c   0x08000b0c   0x0000000a   Code   RO         6877    .text               c_w.l(_sputc.o)
    0x08000b16   0x08000b16   0x00000002   PAD
    0x08000b18   0x08000b18   0x00000024   Code   RO         6879    .text               c_w.l(_printf_char_file.o)
    0x08000b3c   0x08000b3c   0x00000008   Code   RO         6915    .text               c_w.l(rt_locale_intlibspace.o)
    0x08000b44   0x08000b44   0x0000008a   Code   RO         6917    .text               c_w.l(lludiv10.o)
    0x08000bce   0x08000bce   0x00000002   PAD
    0x08000bd0   0x08000bd0   0x00000080   Code   RO         6919    .text               c_w.l(_printf_fp_infnan.o)
    0x08000c50   0x08000c50   0x000000e4   Code   RO         6923    .text               c_w.l(bigflt0.o)
    0x08000d34   0x08000d34   0x00000008   Code   RO         6948    .text               c_w.l(ferror.o)
    0x08000d3c   0x08000d3c   0x00000008   Code   RO         6959    .text               c_w.l(libspace.o)
    0x08000d44   0x08000d44   0x0000004a   Code   RO         6962    .text               c_w.l(sys_stackheap_outer.o)
    0x08000d8e   0x08000d8e   0x00000012   Code   RO         6964    .text               c_w.l(exit.o)
    0x08000da0   0x08000da0   0x00000080   Code   RO         6966    .text               c_w.l(strcmpv7m.o)
    0x08000e20   0x08000e20   0x0000003e   Code   RO         6926    CL$$btod_d2e        c_w.l(btod.o)
    0x08000e5e   0x08000e5e   0x00000046   Code   RO         6928    CL$$btod_d2e_denorm_low  c_w.l(btod.o)
    0x08000ea4   0x08000ea4   0x00000060   Code   RO         6927    CL$$btod_d2e_norm_op1  c_w.l(btod.o)
    0x08000f04   0x08000f04   0x00000338   Code   RO         6936    CL$$btod_div_common  c_w.l(btod.o)
    0x0800123c   0x0800123c   0x000000dc   Code   RO         6933    CL$$btod_e2e        c_w.l(btod.o)
    0x08001318   0x08001318   0x0000002a   Code   RO         6930    CL$$btod_ediv       c_w.l(btod.o)
    0x08001342   0x08001342   0x0000002a   Code   RO         6929    CL$$btod_emul       c_w.l(btod.o)
    0x0800136c   0x0800136c   0x00000244   Code   RO         6935    CL$$btod_mult_common  c_w.l(btod.o)
    0x080015b0   0x080015b0   0x0000000c   Code   RO         6381    i.AdcDeInit         adc.o
    0x080015bc   0x080015bc   0x00000018   Code   RO          781    i.BlockLowPowerDuringTask  rtc-board.o
    0x080015d4   0x080015d4   0x00000068   Code   RO          388    i.BoardDeInitMcu    board.o
    0x0800163c   0x0800163c   0x00000014   Code   RO          389    i.BoardDisableIrq   board.o
    0x08001650   0x08001650   0x00000018   Code   RO          390    i.BoardEnableIrq    board.o
    0x08001668   0x08001668   0x00000058   Code   RO          395    i.BoardInitMcu      board.o
    0x080016c0   0x080016c0   0x00000040   Code   RO          396    i.BoardInitPeriph   board.o
    0x08001700   0x08001700   0x00000064   Code   RO          397    i.BoardUnusedIoInit  board.o
    0x08001764   0x08001764   0x00000004   Code   RO         1356    i.BusFault_Handler  sysirqhandlers.o
    0x08001768   0x08001768   0x0000003c   Code   RO          398    i.CalibrateSystemWakeupTime  board.o
    0x080017a4   0x080017a4   0x0000001c   Code   RO            4    i.CheckSum          main.o
    0x080017c0   0x080017c0   0x00000002   Code   RO         1357    i.DebugMon_Handler  sysirqhandlers.o
    0x080017c2   0x080017c2   0x00000014   Code   RO         5654    i.DelayMicroSeconds  hal_temhum.o
    0x080017d6   0x080017d6   0x0000000c   Code   RO         6420    i.DelayMs           delay.o
    0x080017e2   0x080017e2   0x0000000e   Code   RO          561    i.EXTI0_IRQHandler  gpio-board.o
    0x080017f0   0x080017f0   0x00000038   Code   RO          562    i.EXTI15_10_IRQHandler  gpio-board.o
    0x08001828   0x08001828   0x0000000e   Code   RO          563    i.EXTI1_IRQHandler  gpio-board.o
    0x08001836   0x08001836   0x0000000e   Code   RO          564    i.EXTI2_IRQHandler  gpio-board.o
    0x08001844   0x08001844   0x0000000e   Code   RO          565    i.EXTI3_IRQHandler  gpio-board.o
    0x08001852   0x08001852   0x0000000e   Code   RO          566    i.EXTI4_IRQHandler  gpio-board.o
    0x08001860   0x08001860   0x0000002a   Code   RO          567    i.EXTI9_5_IRQHandler  gpio-board.o
    0x0800188a   0x0800188a   0x00000024   Code   RO            5    i.ExtractCmdframe   main.o
    0x080018ae   0x080018ae   0x00000004   Code   RO          399    i.GetBoardPowerSource  board.o
    0x080018b2   0x080018b2   0x00000002   PAD
    0x080018b4   0x080018b4   0x00000038   Code   RO         6141    i.GetFskBandwidthRegValue  sx1276.o
    0x080018ec   0x080018ec   0x0000002c   Code   RO         6496    i.GpioInit          gpio.o
    0x08001918   0x08001918   0x00000168   Code   RO          568    i.GpioMcuInit       gpio-board.o
    0x08001a80   0x08001a80   0x00000148   Code   RO          571    i.GpioMcuSetInterrupt  gpio-board.o
    0x08001bc8   0x08001bc8   0x00000022   Code   RO          572    i.GpioMcuToggle     gpio-board.o
    0x08001bea   0x08001bea   0x00000026   Code   RO          573    i.GpioMcuWrite      gpio-board.o
    0x08001c10   0x08001c10   0x00000028   Code   RO         6499    i.GpioSetInterrupt  gpio.o
    0x08001c38   0x08001c38   0x00000018   Code   RO         6500    i.GpioToggle        gpio.o
    0x08001c50   0x08001c50   0x0000001c   Code   RO         6501    i.GpioWrite         gpio.o
    0x08001c6c   0x08001c6c   0x00000014   Code   RO         1469    i.HAL_DBGMCU_EnableDBGSleepMode  stm32l1xx_hal.o
    0x08001c80   0x08001c80   0x00000014   Code   RO         1470    i.HAL_DBGMCU_EnableDBGStandbyMode  stm32l1xx_hal.o
    0x08001c94   0x08001c94   0x00000014   Code   RO         1471    i.HAL_DBGMCU_EnableDBGStopMode  stm32l1xx_hal.o
    0x08001ca8   0x08001ca8   0x0000001a   Code   RO         1473    i.HAL_Delay         stm32l1xx_hal.o
    0x08001cc2   0x08001cc2   0x00000002   PAD
    0x08001cc4   0x08001cc4   0x0000002c   Code   RO          574    i.HAL_GPIO_EXTI_Callback  gpio-board.o
    0x08001cf0   0x08001cf0   0x0000001c   Code   RO         2507    i.HAL_GPIO_EXTI_IRQHandler  stm32l1xx_hal_gpio.o
    0x08001d0c   0x08001d0c   0x000001d0   Code   RO         2508    i.HAL_GPIO_Init     stm32l1xx_hal_gpio.o
    0x08001edc   0x08001edc   0x00000010   Code   RO         2510    i.HAL_GPIO_ReadPin  stm32l1xx_hal_gpio.o
    0x08001eec   0x08001eec   0x00000008   Code   RO         2511    i.HAL_GPIO_TogglePin  stm32l1xx_hal_gpio.o
    0x08001ef4   0x08001ef4   0x0000000c   Code   RO         2512    i.HAL_GPIO_WritePin  stm32l1xx_hal_gpio.o
    0x08001f00   0x08001f00   0x0000000c   Code   RO         1477    i.HAL_GetTick       stm32l1xx_hal.o
    0x08001f0c   0x08001f0c   0x00000010   Code   RO         1478    i.HAL_IncTick       stm32l1xx_hal.o
    0x08001f1c   0x08001f1c   0x00000016   Code   RO         1479    i.HAL_Init          stm32l1xx_hal.o
    0x08001f32   0x08001f32   0x00000002   PAD
    0x08001f34   0x08001f34   0x00000028   Code   RO         1480    i.HAL_InitTick      stm32l1xx_hal.o
    0x08001f5c   0x08001f5c   0x00000002   Code   RO         1482    i.HAL_MspInit       stm32l1xx_hal.o
    0x08001f5e   0x08001f5e   0x0000001a   Code   RO         1867    i.HAL_NVIC_EnableIRQ  stm32l1xx_hal_cortex.o
    0x08001f78   0x08001f78   0x0000007c   Code   RO         1873    i.HAL_NVIC_SetPriority  stm32l1xx_hal_cortex.o
    0x08001ff4   0x08001ff4   0x00000028   Code   RO         1874    i.HAL_NVIC_SetPriorityGrouping  stm32l1xx_hal_cortex.o
    0x0800201c   0x0800201c   0x00000018   Code   RO         3520    i.HAL_PWREx_EnableFastWakeUp  stm32l1xx_hal_pwr_ex.o
    0x08002034   0x08002034   0x00000018   Code   RO         3522    i.HAL_PWREx_EnableUltraLowPower  stm32l1xx_hal_pwr_ex.o
    0x0800204c   0x0800204c   0x00000018   Code   RO         3400    i.HAL_PWR_DisablePVD  stm32l1xx_hal_pwr.o
    0x08002064   0x08002064   0x00000040   Code   RO         3411    i.HAL_PWR_EnterSTOPMode  stm32l1xx_hal_pwr.o
    0x080020a4   0x080020a4   0x000001d4   Code   RO         3686    i.HAL_RCCEx_PeriphCLKConfig  stm32l1xx_hal_rcc_ex.o
    0x08002278   0x08002278   0x000002e8   Code   RO         3578    i.HAL_RCC_ClockConfig  stm32l1xx_hal_rcc.o
    0x08002560   0x08002560   0x0000000c   Code   RO         3583    i.HAL_RCC_GetHCLKFreq  stm32l1xx_hal_rcc.o
    0x0800256c   0x0800256c   0x0000002c   Code   RO         3585    i.HAL_RCC_GetPCLK1Freq  stm32l1xx_hal_rcc.o
    0x08002598   0x08002598   0x0000002c   Code   RO         3586    i.HAL_RCC_GetPCLK2Freq  stm32l1xx_hal_rcc.o
    0x080025c4   0x080025c4   0x000000b4   Code   RO         3587    i.HAL_RCC_GetSysClockFreq  stm32l1xx_hal_rcc.o
    0x08002678   0x08002678   0x000009bc   Code   RO         3590    i.HAL_RCC_OscConfig  stm32l1xx_hal_rcc.o
    0x08003034   0x08003034   0x00000002   Code   RO         3828    i.HAL_RTCEx_AlarmBEventCallback  stm32l1xx_hal_rtc_ex.o
    0x08003036   0x08003036   0x00000098   Code   RO         3836    i.HAL_RTCEx_DeactivateWakeUpTimer  stm32l1xx_hal_rtc_ex.o
    0x080030ce   0x080030ce   0x00000002   Code   RO         3720    i.HAL_RTC_AlarmAEventCallback  stm32l1xx_hal_rtc.o
    0x080030d0   0x080030d0   0x0000006c   Code   RO         3721    i.HAL_RTC_AlarmIRQHandler  stm32l1xx_hal_rtc.o
    0x0800313c   0x0800313c   0x000000f4   Code   RO         3723    i.HAL_RTC_DeactivateAlarm  stm32l1xx_hal_rtc.o
    0x08003230   0x08003230   0x00000082   Code   RO         3858    i.HAL_RTC_GetAlarm  stm32l1xx_hal_rtc_ex.o
    0x080032b2   0x080032b2   0x00000002   PAD
    0x080032b4   0x080032b4   0x0000004c   Code   RO         3724    i.HAL_RTC_GetDate   stm32l1xx_hal_rtc.o
    0x08003300   0x08003300   0x00000054   Code   RO         3859    i.HAL_RTC_GetTime   stm32l1xx_hal_rtc_ex.o
    0x08003354   0x08003354   0x000000b4   Code   RO         3726    i.HAL_RTC_Init      stm32l1xx_hal_rtc.o
    0x08003408   0x08003408   0x00000002   Code   RO         3728    i.HAL_RTC_MspInit   stm32l1xx_hal_rtc.o
    0x0800340a   0x0800340a   0x00000002   PAD
    0x0800340c   0x0800340c   0x00000210   Code   RO         3861    i.HAL_RTC_SetAlarm_IT  stm32l1xx_hal_rtc_ex.o
    0x0800361c   0x0800361c   0x00000108   Code   RO         3730    i.HAL_RTC_SetDate   stm32l1xx_hal_rtc.o
    0x08003724   0x08003724   0x0000012c   Code   RO         3731    i.HAL_RTC_SetTime   stm32l1xx_hal_rtc.o
    0x08003850   0x08003850   0x0000003a   Code   RO         3862    i.HAL_RTC_WaitForSynchro  stm32l1xx_hal_rtc_ex.o
    0x0800388a   0x0800388a   0x00000030   Code   RO         4095    i.HAL_SPI_DeInit    stm32l1xx_hal_spi.o
    0x080038ba   0x080038ba   0x0000007c   Code   RO         4331    i.HAL_SPI_Init      stm32l1xx_hal_spi_ex.o
    0x08003936   0x08003936   0x00000002   Code   RO         4101    i.HAL_SPI_MspDeInit  stm32l1xx_hal_spi.o
    0x08003938   0x08003938   0x00000002   Code   RO         4102    i.HAL_SPI_MspInit   stm32l1xx_hal_spi.o
    0x0800393a   0x0800393a   0x00000028   Code   RO         1876    i.HAL_SYSTICK_CLKSourceConfig  stm32l1xx_hal_cortex.o
    0x08003962   0x08003962   0x00000002   Code   RO         1877    i.HAL_SYSTICK_Callback  stm32l1xx_hal_cortex.o
    0x08003964   0x08003964   0x00000034   Code   RO         1878    i.HAL_SYSTICK_Config  stm32l1xx_hal_cortex.o
    0x08003998   0x08003998   0x00000008   Code   RO         1879    i.HAL_SYSTICK_IRQHandler  stm32l1xx_hal_cortex.o
    0x080039a0   0x080039a0   0x00000034   Code   RO         4375    i.HAL_TIM_Base_Init  stm32l1xx_hal_tim.o
    0x080039d4   0x080039d4   0x000000b4   Code   RO         1051    i.HAL_TIM_Base_MspInit  tim-board.o
    0x08003a88   0x08003a88   0x0000001e   Code   RO         4380    i.HAL_TIM_Base_Start_IT  stm32l1xx_hal_tim.o
    0x08003aa6   0x08003aa6   0x00000002   Code   RO         4404    i.HAL_TIM_IC_CaptureCallback  stm32l1xx_hal_tim.o
    0x08003aa8   0x08003aa8   0x00000152   Code   RO         4417    i.HAL_TIM_IRQHandler  stm32l1xx_hal_tim.o
    0x08003bfa   0x08003bfa   0x00000002   Code   RO         4420    i.HAL_TIM_OC_DelayElapsedCallback  stm32l1xx_hal_tim.o
    0x08003bfc   0x08003bfc   0x00000002   Code   RO         4447    i.HAL_TIM_PWM_PulseFinishedCallback  stm32l1xx_hal_tim.o
    0x08003bfe   0x08003bfe   0x00000002   PAD
    0x08003c00   0x08003c00   0x0000007c   Code   RO         1052    i.HAL_TIM_PeriodElapsedCallback  tim-board.o
    0x08003c7c   0x08003c7c   0x00000002   Code   RO         4458    i.HAL_TIM_TriggerCallback  stm32l1xx_hal_tim.o
    0x08003c7e   0x08003c7e   0x0000006e   Code   RO         5056    i.HAL_UART_Init     stm32l1xx_hal_uart.o
    0x08003cec   0x08003cec   0x00000002   Code   RO         5058    i.HAL_UART_MspInit  stm32l1xx_hal_uart.o
    0x08003cee   0x08003cee   0x00000086   Code   RO         5061    i.HAL_UART_Receive_IT  stm32l1xx_hal_uart.o
    0x08003d74   0x08003d74   0x00000058   Code   RO         5656    i.I2c_Init          hal_temhum.o
    0x08003dcc   0x08003dcc   0x000000c4   Code   RO         5657    i.I2c_ReadByte      hal_temhum.o
    0x08003e90   0x08003e90   0x00000038   Code   RO         5658    i.I2c_SclInOutInit  hal_temhum.o
    0x08003ec8   0x08003ec8   0x00000048   Code   RO         5659    i.I2c_StartCondition  hal_temhum.o
    0x08003f10   0x08003f10   0x00000048   Code   RO         5660    i.I2c_StopCondition  hal_temhum.o
    0x08003f58   0x08003f58   0x00000040   Code   RO         5661    i.I2c_WaitWhileClockStreching  hal_temhum.o
    0x08003f98   0x08003f98   0x0000009c   Code   RO         5662    i.I2c_WriteByte     hal_temhum.o
    0x08004034   0x08004034   0x00000038   Code   RO         5663    i.I2c_sdaInOutInit  hal_temhum.o
    0x0800406c   0x0800406c   0x00000120   Code   RO            7    i.LoRa_DataParse    main.o
    0x0800418c   0x0800418c   0x000000a4   Code   RO            8    i.LoRa_GetSensorDataProcess  main.o
    0x08004230   0x08004230   0x00000004   Code   RO         1358    i.MemManage_Handler  sysirqhandlers.o
    0x08004234   0x08004234   0x00000028   Code   RO           10    i.MyRadioRxDoneProcess  main.o
    0x0800425c   0x0800425c   0x00000002   Code   RO         1359    i.NMI_Handler       sysirqhandlers.o
    0x0800425e   0x0800425e   0x00000002   PAD
    0x08004260   0x08004260   0x00000040   Code   RO          306    i.NS_RadioEventsInit  ns_radio.o
    0x080042a0   0x080042a0   0x0000002c   Code   RO          307    i.NS_RadioInit      ns_radio.o
    0x080042cc   0x080042cc   0x00000070   Code   RO          308    i.NS_RadioSetTxRxConfig  ns_radio.o
    0x0800433c   0x0800433c   0x00000010   Code   RO         1880    i.NVIC_GetPriorityGrouping  stm32l1xx_hal_cortex.o
    0x0800434c   0x0800434c   0x00000028   Code   RO         1881    i.NVIC_SetPriority  stm32l1xx_hal_cortex.o
    0x08004374   0x08004374   0x00000040   Code   RO         5523    i.OLED_Clear        hal_oled.o
    0x080043b4   0x080043b4   0x00000150   Code   RO         5528    i.OLED_Init         hal_oled.o
    0x08004504   0x08004504   0x0000003c   Code   RO           11    i.OLED_InitView     main.o
    0x08004540   0x08004540   0x0000002e   Code   RO         5529    i.OLED_Set_Pos      hal_oled.o
    0x0800456e   0x0800456e   0x00000002   PAD
    0x08004570   0x08004570   0x00000070   Code   RO         5531    i.OLED_ShowChar     hal_oled.o
    0x080045e0   0x080045e0   0x00000036   Code   RO         5536    i.OLED_ShowString   hal_oled.o
    0x08004616   0x08004616   0x00000002   PAD
    0x08004618   0x08004618   0x0000007c   Code   RO         5538    i.OLED_WR_Byte      hal_oled.o
    0x08004694   0x08004694   0x0000000c   Code   RO          400    i.OnCalibrateSystemWakeupTimeTimerEvent  board.o
    0x080046a0   0x080046a0   0x0000004c   Code   RO          309    i.OnRxDone          ns_radio.o
    0x080046ec   0x080046ec   0x00000018   Code   RO          310    i.OnRxError         ns_radio.o
    0x08004704   0x08004704   0x00000018   Code   RO          311    i.OnRxTimeout       ns_radio.o
    0x0800471c   0x0800471c   0x00000018   Code   RO          312    i.OnTxDone          ns_radio.o
    0x08004734   0x08004734   0x00000018   Code   RO          313    i.OnTxTimeout       ns_radio.o
    0x0800474c   0x0800474c   0x00000070   Code   RO           12    i.PlatformInit      main.o
    0x080047bc   0x080047bc   0x000000ac   Code   RO         3591    i.RCC_SetFlashLatencyFromMSIRange  stm32l1xx_hal_rcc.o
    0x08004868   0x08004868   0x0000002c   Code   RO          782    i.RTC_Alarm_IRQHandler  rtc-board.o
    0x08004894   0x08004894   0x00000016   Code   RO         3732    i.RTC_Bcd2ToByte    stm32l1xx_hal_rtc.o
    0x080048aa   0x080048aa   0x0000001a   Code   RO         3733    i.RTC_ByteToBcd2    stm32l1xx_hal_rtc.o
    0x080048c4   0x080048c4   0x0000003e   Code   RO         3734    i.RTC_EnterInitMode  stm32l1xx_hal_rtc.o
    0x08004902   0x08004902   0x00000002   PAD
    0x08004904   0x08004904   0x0000002c   Code   RO          315    i.ReadRadioRxBuffer  ns_radio.o
    0x08004930   0x08004930   0x0000003c   Code   RO          783    i.RtcCheckCalendarRollOver  rtc-board.o
    0x0800496c   0x0800496c   0x0000025c   Code   RO          786    i.RtcComputeTimerTimeToAlarmTick  rtc-board.o
    0x08004bc8   0x08004bc8   0x000000a4   Code   RO          787    i.RtcComputeWakeUpTime  rtc-board.o
    0x08004c6c   0x08004c6c   0x00000184   Code   RO          788    i.RtcConvertCalendarTickToTimerTime  rtc-board.o
    0x08004df0   0x08004df0   0x00000044   Code   RO          790    i.RtcEnterLowPowerStopMode  rtc-board.o
    0x08004e34   0x08004e34   0x0000004c   Code   RO          791    i.RtcGetAdjustedTimeoutValue  rtc-board.o
    0x08004e80   0x08004e80   0x00000044   Code   RO          792    i.RtcGetCalendar    rtc-board.o
    0x08004ec4   0x08004ec4   0x0000002c   Code   RO          793    i.RtcGetElapsedAlarmTime  rtc-board.o
    0x08004ef0   0x08004ef0   0x000000b0   Code   RO          795    i.RtcInit           rtc-board.o
    0x08004fa0   0x08004fa0   0x00000048   Code   RO          796    i.RtcRecoverMcuStatus  rtc-board.o
    0x08004fe8   0x08004fe8   0x0000000c   Code   RO          797    i.RtcSetTimeout     rtc-board.o
    0x08004ff4   0x08004ff4   0x00000098   Code   RO          798    i.RtcStartWakeUpAlarm  rtc-board.o
    0x0800508c   0x0800508c   0x000000b8   Code   RO         6142    i.RxChainCalibration  sx1276.o
    0x08005144   0x08005144   0x00000018   Code   RO         5664    i.SHT1X_Init        hal_temhum.o
    0x0800515c   0x0800515c   0x0000003a   Code   RO         5665    i.SHT3X_CalcCrc     hal_temhum.o
    0x08005196   0x08005196   0x00000002   PAD
    0x08005198   0x08005198   0x00000024   Code   RO         5666    i.SHT3X_CalcHumidity  hal_temhum.o
    0x080051bc   0x080051bc   0x00000034   Code   RO         5669    i.SHT3X_CalcTemperature  hal_temhum.o
    0x080051f0   0x080051f0   0x00000022   Code   RO         5670    i.SHT3X_CheckCrc    hal_temhum.o
    0x08005212   0x08005212   0x00000044   Code   RO         5675    i.SHT3X_GetTempAndHumi  hal_temhum.o
    0x08005256   0x08005256   0x0000008c   Code   RO         5676    i.SHT3X_GetTempAndHumiClkStretch  hal_temhum.o
    0x080052e2   0x080052e2   0x000000b0   Code   RO         5677    i.SHT3X_GetTempAndHumiPolling  hal_temhum.o
    0x08005392   0x08005392   0x00000002   PAD
    0x08005394   0x08005394   0x00000018   Code   RO         5678    i.SHT3X_HardReset   hal_temhum.o
    0x080053ac   0x080053ac   0x0000004c   Code   RO         5679    i.SHT3X_Init        hal_temhum.o
    0x080053f8   0x080053f8   0x00000058   Code   RO         5680    i.SHT3X_Read2BytesAndCrc  hal_temhum.o
    0x08005450   0x08005450   0x0000000c   Code   RO         5686    i.SHT3X_SetI2cAdr   hal_temhum.o
    0x0800545c   0x0800545c   0x00000024   Code   RO         5687    i.SHT3X_SoftReset   hal_temhum.o
    0x08005480   0x08005480   0x00000020   Code   RO         5689    i.SHT3X_StartReadAccess  hal_temhum.o
    0x080054a0   0x080054a0   0x0000001c   Code   RO         5690    i.SHT3X_StartWriteAccess  hal_temhum.o
    0x080054bc   0x080054bc   0x00000008   Code   RO         5691    i.SHT3X_StopAccess  hal_temhum.o
    0x080054c4   0x080054c4   0x00000018   Code   RO         5694    i.SHT3X_WriteCommand  hal_temhum.o
    0x080054dc   0x080054dc   0x00000052   Code   RO         5695    i.SHT3x_ReadSerialNumber  hal_temhum.o
    0x0800552e   0x0800552e   0x00000002   PAD
    0x08005530   0x08005530   0x0000006c   Code   RO         5696    i.SHTXX_Init        hal_temhum.o
    0x0800559c   0x0800559c   0x00000002   Code   RO          958    i.SX1276AntSwDeInit  sx1276-board.o
    0x0800559e   0x0800559e   0x00000002   Code   RO          959    i.SX1276AntSwInit   sx1276-board.o
    0x080055a0   0x080055a0   0x00000006   Code   RO          960    i.SX1276CheckRfFrequency  sx1276-board.o
    0x080055a6   0x080055a6   0x00000002   PAD
    0x080055a8   0x080055a8   0x00000014   Code   RO          961    i.SX1276GetPaSelect  sx1276-board.o
    0x080055bc   0x080055bc   0x0000000c   Code   RO         6143    i.SX1276GetStatus   sx1276.o
    0x080055c8   0x080055c8   0x0000029c   Code   RO         6144    i.SX1276GetTimeOnAir  sx1276.o
    0x08005864   0x08005864   0x00000094   Code   RO         6145    i.SX1276Init        sx1276.o
    0x080058f8   0x080058f8   0x00000044   Code   RO          962    i.SX1276IoDeInit    sx1276-board.o
    0x0800593c   0x0800593c   0x00000048   Code   RO          963    i.SX1276IoInit      sx1276-board.o
    0x08005984   0x08005984   0x00000024   Code   RO          964    i.SX1276IoIrqInit   sx1276-board.o
    0x080059a8   0x080059a8   0x0000003e   Code   RO         6146    i.SX1276IsChannelFree  sx1276.o
    0x080059e6   0x080059e6   0x00000002   PAD
    0x080059e8   0x080059e8   0x00000388   Code   RO         6147    i.SX1276OnDio0Irq   sx1276.o
    0x08005d70   0x08005d70   0x000001a8   Code   RO         6148    i.SX1276OnDio1Irq   sx1276.o
    0x08005f18   0x08005f18   0x00000154   Code   RO         6149    i.SX1276OnDio2Irq   sx1276.o
    0x0800606c   0x0800606c   0x00000070   Code   RO         6150    i.SX1276OnDio3Irq   sx1276.o
    0x080060dc   0x080060dc   0x0000002c   Code   RO         6151    i.SX1276OnDio4Irq   sx1276.o
    0x08006108   0x08006108   0x0000010c   Code   RO         6153    i.SX1276OnTimeoutIrq  sx1276.o
    0x08006214   0x08006214   0x00000040   Code   RO         6154    i.SX1276Random      sx1276.o
    0x08006254   0x08006254   0x00000014   Code   RO         6155    i.SX1276Read        sx1276.o
    0x08006268   0x08006268   0x00000048   Code   RO         6156    i.SX1276ReadBuffer  sx1276.o
    0x080062b0   0x080062b0   0x00000012   Code   RO         6157    i.SX1276ReadFifo    sx1276.o
    0x080062c2   0x080062c2   0x00000002   PAD
    0x080062c4   0x080062c4   0x00000054   Code   RO         6158    i.SX1276ReadRssi    sx1276.o
    0x08006318   0x08006318   0x00000002   Code   RO         6159    i.SX1276Reset       sx1276.o
    0x0800631a   0x0800631a   0x00000002   PAD
    0x0800631c   0x0800631c   0x00000134   Code   RO         6160    i.SX1276Send        sx1276.o
    0x08006450   0x08006450   0x00000020   Code   RO          965    i.SX1276SetAntSw    sx1276-board.o
    0x08006470   0x08006470   0x00000020   Code   RO          966    i.SX1276SetAntSwLowPower  sx1276-board.o
    0x08006490   0x08006490   0x0000004c   Code   RO         6161    i.SX1276SetChannel  sx1276.o
    0x080064dc   0x080064dc   0x00000038   Code   RO         6162    i.SX1276SetMaxPayloadLength  sx1276.o
    0x08006514   0x08006514   0x000000a0   Code   RO         6163    i.SX1276SetModem    sx1276.o
    0x080065b4   0x080065b4   0x00000032   Code   RO         6164    i.SX1276SetOpMode   sx1276.o
    0x080065e6   0x080065e6   0x00000002   PAD
    0x080065e8   0x080065e8   0x0000002c   Code   RO         6165    i.SX1276SetPublicNetwork  sx1276.o
    0x08006614   0x08006614   0x000000c0   Code   RO          967    i.SX1276SetRfTxPower  sx1276-board.o
    0x080066d4   0x080066d4   0x00000314   Code   RO         6166    i.SX1276SetRx       sx1276.o
    0x080069e8   0x080069e8   0x00000328   Code   RO         6167    i.SX1276SetRxConfig  sx1276.o
    0x08006d10   0x08006d10   0x0000002c   Code   RO         6168    i.SX1276SetSleep    sx1276.o
    0x08006d3c   0x08006d3c   0x0000002c   Code   RO         6169    i.SX1276SetStby     sx1276.o
    0x08006d68   0x08006d68   0x000000c0   Code   RO         6170    i.SX1276SetTx       sx1276.o
    0x08006e28   0x08006e28   0x0000026c   Code   RO         6171    i.SX1276SetTxConfig  sx1276.o
    0x08007094   0x08007094   0x000000a0   Code   RO         6172    i.SX1276SetTxContinuousWave  sx1276.o
    0x08007134   0x08007134   0x00000048   Code   RO         6173    i.SX1276StartCad    sx1276.o
    0x0800717c   0x0800717c   0x00000010   Code   RO         6174    i.SX1276Write       sx1276.o
    0x0800718c   0x0800718c   0x00000044   Code   RO         6175    i.SX1276WriteBuffer  sx1276.o
    0x080071d0   0x080071d0   0x00000012   Code   RO         6176    i.SX1276WriteFifo   sx1276.o
    0x080071e2   0x080071e2   0x00000002   PAD
    0x080071e4   0x080071e4   0x00000038   Code   RO         5697    i.Serial_DataInOutInit  hal_temhum.o
    0x0800721c   0x0800721c   0x0000001e   Code   RO         5698    i.Serial_DelayUS    hal_temhum.o
    0x0800723a   0x0800723a   0x00000002   PAD
    0x0800723c   0x0800723c   0x00000058   Code   RO         5699    i.Serial_Init       hal_temhum.o
    0x08007294   0x08007294   0x00000066   Code   RO          910    i.SpiDeInit         spi-board.o
    0x080072fa   0x080072fa   0x00000034   Code   RO          911    i.SpiFormat         spi-board.o
    0x0800732e   0x0800732e   0x00000002   PAD
    0x08007330   0x08007330   0x00000050   Code   RO          912    i.SpiFrequency      spi-board.o
    0x08007380   0x08007380   0x00000050   Code   RO          913    i.SpiInOut          spi-board.o
    0x080073d0   0x080073d0   0x000001c4   Code   RO          914    i.SpiInit           spi-board.o
    0x08007594   0x08007594   0x0000000c   Code   RO          401    i.SysTick_Handler   board.o
    0x080075a0   0x080075a0   0x000000b8   Code   RO          402    i.SystemClockConfig  board.o
    0x08007658   0x08007658   0x00000108   Code   RO          403    i.SystemClockReConfig  board.o
    0x08007760   0x08007760   0x00000064   Code   RO         1279    i.SystemInit        system_stm32l1xx.o
    0x080077c4   0x080077c4   0x00000010   Code   RO         1053    i.TIM2_IRQHandler   tim-board.o
    0x080077d4   0x080077d4   0x00000010   Code   RO         1054    i.TIM3_IRQHandler   tim-board.o
    0x080077e4   0x080077e4   0x00000010   Code   RO         1055    i.TIM4_IRQHandler   tim-board.o
    0x080077f4   0x080077f4   0x00000070   Code   RO         4459    i.TIM_Base_SetConfig  stm32l1xx_hal_tim.o
    0x08007864   0x08007864   0x00000084   Code   RO         1057    i.Tim3McuInit       tim-board.o
    0x080078e8   0x080078e8   0x00000020   Code   RO         6550    i.TimerExists       timer.o
    0x08007908   0x08007908   0x00000008   Code   RO         6554    i.TimerGetValue     timer.o
    0x08007910   0x08007910   0x0000000e   Code   RO         6555    i.TimerInit         timer.o
    0x0800791e   0x0800791e   0x00000002   PAD
    0x08007920   0x08007920   0x0000002c   Code   RO         6556    i.TimerInsertNewHeadTimer  timer.o
    0x0800794c   0x0800794c   0x0000006c   Code   RO         6557    i.TimerInsertTimer  timer.o
    0x080079b8   0x080079b8   0x0000008c   Code   RO         6558    i.TimerIrqHandler   timer.o
    0x08007a44   0x08007a44   0x00000044   Code   RO         6559    i.TimerLowPowerHandler  timer.o
    0x08007a88   0x08007a88   0x00000020   Code   RO         6561    i.TimerSetTimeout   timer.o
    0x08007aa8   0x08007aa8   0x00000012   Code   RO         6562    i.TimerSetValue     timer.o
    0x08007aba   0x08007aba   0x00000002   PAD
    0x08007abc   0x08007abc   0x00000088   Code   RO         6563    i.TimerStart        timer.o
    0x08007b44   0x08007b44   0x000000ec   Code   RO         6564    i.TimerStop         timer.o
    0x08007c30   0x08007c30   0x00000358   Code   RO         5076    i.UART_SetConfig    stm32l1xx_hal_uart.o
    0x08007f88   0x08007f88   0x00000018   Code   RO         1195    i.USART1_GetFlagStatus  usart1-board.o
    0x08007fa0   0x08007fa0   0x0000004c   Code   RO         1196    i.USART1_IRQHandler  usart1-board.o
    0x08007fec   0x08007fec   0x0000002c   Code   RO         1197    i.USART1_Init       usart1-board.o
    0x08008018   0x08008018   0x00000010   Code   RO         1199    i.USART1_ReceiveData  usart1-board.o
    0x08008028   0x08008028   0x00000034   Code   RO         6657    i.UartConfig        uart.o
    0x0800805c   0x0800805c   0x00000028   Code   RO         6661    i.UartInit          uart.o
    0x08008084   0x08008084   0x00000118   Code   RO         1128    i.UartMcuConfig     uart-board.o
    0x0800819c   0x0800819c   0x00000078   Code   RO         1131    i.UartMcuInit       uart-board.o
    0x08008214   0x08008214   0x00000004   Code   RO         1360    i.UsageFault_Handler  sysirqhandlers.o
    0x08008218   0x08008218   0x00000028   Code   RO         6957    i.__ARM_fpclassify  m_ws.l(fpclassify.o)
    0x08008240   0x08008240   0x0000000e   Code   RO         6763    i._is_digit         c_w.l(__printf_wp.o)
    0x0800824e   0x0800824e   0x00000004   Code   RO         1202    i._sys_exit         usart1-board.o
    0x08008252   0x08008252   0x00000002   PAD
    0x08008254   0x08008254   0x00000108   Code   RO         5701    i.calc_sth11        hal_temhum.o
    0x0800835c   0x0800835c   0x000000e8   Code   RO         5702    i.call_sht11        hal_temhum.o
    0x08008444   0x08008444   0x000000e0   Code   RO         5703    i.call_sht1x        hal_temhum.o
    0x08008524   0x08008524   0x000000dc   Code   RO         6859    i.ceil              m_ws.l(ceil.o)
    0x08008600   0x08008600   0x00000002   Code   RO         5704    i.connectionreset   hal_temhum.o
    0x08008602   0x08008602   0x00000002   PAD
    0x08008604   0x08008604   0x000000dc   Code   RO         6863    i.floor             m_ws.l(floor.o)
    0x080086e0   0x080086e0   0x0000001c   Code   RO         1203    i.fputc             usart1-board.o
    0x080086fc   0x080086fc   0x00000008   Code   RO         5705    i.hal_temHumInit    hal_temhum.o
    0x08008704   0x08008704   0x00000010   Code   RO           13    i.main              main.o
    0x08008714   0x08008714   0x00000018   Code   RO         1405    i.memcpy1           utilities.o
    0x0800872c   0x0800872c   0x00000094   Code   RO         6866    i.round             m_ws.l(round.o)
    0x080087c0   0x080087c0   0x0000004c   Code   RO         5706    i.s_connectionreset  hal_temhum.o
    0x0800880c   0x0800880c   0x00000098   Code   RO         5707    i.s_measure         hal_temhum.o
    0x080088a4   0x080088a4   0x000000a4   Code   RO         5708    i.s_read_byte       hal_temhum.o
    0x08008948   0x08008948   0x00000016   Code   RO         5710    i.s_softreset       hal_temhum.o
    0x0800895e   0x0800895e   0x00000002   PAD
    0x08008960   0x08008960   0x0000007c   Code   RO         5711    i.s_transstart      hal_temhum.o
    0x080089dc   0x080089dc   0x000000b8   Code   RO         5712    i.s_write_byte      hal_temhum.o
    0x08008a94   0x08008a94   0x0000002c   Code   RO         6953    locale$$code        c_w.l(lc_numeric_c.o)
    0x08008ac0   0x08008ac0   0x00000062   Code   RO         6792    x$fpl$d2f           fz_ws.l(d2f.o)
    0x08008b22   0x08008b22   0x00000002   PAD
    0x08008b24   0x08008b24   0x00000150   Code   RO         6794    x$fpl$dadd          fz_ws.l(daddsub_clz.o)
    0x08008c74   0x08008c74   0x00000018   Code   RO         6882    x$fpl$dcmpinf       fz_ws.l(dcmpi.o)
    0x08008c8c   0x08008c8c   0x000002b0   Code   RO         6801    x$fpl$ddiv          fz_ws.l(ddiv.o)
    0x08008f3c   0x08008f3c   0x0000005e   Code   RO         6804    x$fpl$dfix          fz_ws.l(dfix.o)
    0x08008f9a   0x08008f9a   0x00000002   PAD
    0x08008f9c   0x08008f9c   0x0000005a   Code   RO         6808    x$fpl$dfixu         fz_ws.l(dfixu.o)
    0x08008ff6   0x08008ff6   0x0000002e   Code   RO         6813    x$fpl$dflt          fz_ws.l(dflt_clz.o)
    0x08009024   0x08009024   0x00000026   Code   RO         6812    x$fpl$dfltu         fz_ws.l(dflt_clz.o)
    0x0800904a   0x0800904a   0x00000002   PAD
    0x0800904c   0x0800904c   0x00000078   Code   RO         6818    x$fpl$dleqf         fz_ws.l(dleqf.o)
    0x080090c4   0x080090c4   0x00000154   Code   RO         6820    x$fpl$dmul          fz_ws.l(dmul.o)
    0x08009218   0x08009218   0x0000009c   Code   RO         6884    x$fpl$dnaninf       fz_ws.l(dnaninf.o)
    0x080092b4   0x080092b4   0x0000000c   Code   RO         6886    x$fpl$dretinf       fz_ws.l(dretinf.o)
    0x080092c0   0x080092c0   0x0000006c   Code   RO         6822    x$fpl$drleqf        fz_ws.l(drleqf.o)
    0x0800932c   0x0800932c   0x000000b4   Code   RO         6888    x$fpl$drnd          fz_ws.l(drnd.o)
    0x080093e0   0x080093e0   0x00000016   Code   RO         6795    x$fpl$drsb          fz_ws.l(daddsub_clz.o)
    0x080093f6   0x080093f6   0x00000002   PAD
    0x080093f8   0x080093f8   0x000001d4   Code   RO         6796    x$fpl$dsub          fz_ws.l(daddsub_clz.o)
    0x080095cc   0x080095cc   0x00000056   Code   RO         6824    x$fpl$f2d           fz_ws.l(f2d.o)
    0x08009622   0x08009622   0x00000002   PAD
    0x08009624   0x08009624   0x000000c4   Code   RO         6826    x$fpl$fadd          fz_ws.l(faddsub_clz.o)
    0x080096e8   0x080096e8   0x00000018   Code   RO         6890    x$fpl$fcmpinf       fz_ws.l(fcmpi.o)
    0x08009700   0x08009700   0x00000184   Code   RO         6833    x$fpl$fdiv          fz_ws.l(fdiv.o)
    0x08009884   0x08009884   0x00000036   Code   RO         6836    x$fpl$ffix          fz_ws.l(ffix.o)
    0x080098ba   0x080098ba   0x00000002   PAD
    0x080098bc   0x080098bc   0x0000003e   Code   RO         6840    x$fpl$ffixu         fz_ws.l(ffixu.o)
    0x080098fa   0x080098fa   0x00000002   PAD
    0x080098fc   0x080098fc   0x00000026   Code   RO         6844    x$fpl$ffltu         fz_ws.l(fflt_clz.o)
    0x08009922   0x08009922   0x00000002   PAD
    0x08009924   0x08009924   0x00000068   Code   RO         6850    x$fpl$fleqf         fz_ws.l(fleqf.o)
    0x0800998c   0x0800998c   0x00000102   Code   RO         6852    x$fpl$fmul          fz_ws.l(fmul.o)
    0x08009a8e   0x08009a8e   0x0000008c   Code   RO         6892    x$fpl$fnaninf       fz_ws.l(fnaninf.o)
    0x08009b1a   0x08009b1a   0x0000000a   Code   RO         6894    x$fpl$fretinf       fz_ws.l(fretinf.o)
    0x08009b24   0x08009b24   0x00000062   Code   RO         6854    x$fpl$frleqf        fz_ws.l(frleqf.o)
    0x08009b86   0x08009b86   0x00000002   PAD
    0x08009b88   0x08009b88   0x000000ea   Code   RO         6828    x$fpl$fsub          fz_ws.l(faddsub_clz.o)
    0x08009c72   0x08009c72   0x00000004   Code   RO         6856    x$fpl$printf1       fz_ws.l(printf1.o)
    0x08009c76   0x08009c76   0x00000000   Code   RO         6896    x$fpl$usenofp       fz_ws.l(usenofp.o)
    0x08009c76   0x08009c76   0x00000018   Data   RO          800    .constdata          rtc-board.o
    0x08009c8e   0x08009c8e   0x00000002   PAD
    0x08009c90   0x08009c90   0x0000005c   Data   RO          969    .constdata          sx1276-board.o
    0x08009cec   0x08009cec   0x00000021   Data   RO         1280    .constdata          system_stm32l1xx.o
    0x08009d0d   0x08009d0d   0x00000e08   Data   RO         5541    .constdata          hal_oled.o
    0x0800ab15   0x0800ab15   0x00000003   PAD
    0x0800ab18   0x0800ab18   0x000000e0   Data   RO         6178    .constdata          sx1276.o
    0x0800abf8   0x0800abf8   0x00000011   Data   RO         6771    .constdata          c_w.l(__printf_flags_ss_wp.o)
    0x0800ac09   0x0800ac09   0x00000003   PAD
    0x0800ac0c   0x0800ac0c   0x00000094   Data   RO         6924    .constdata          c_w.l(bigflt0.o)
    0x0800aca0   0x0800aca0   0x00000020   Data   RO         7094    Region$$Table       anon$$obj.o
    0x0800acc0   0x0800acc0   0x0000001c   Data   RO         6952    locale$$data        c_w.l(lc_numeric_c.o)


    Execution Region RW_IRAM1 (Exec base: 0x20000000, Load base: 0x0800acdc, Size: 0x00001358, Max: 0x00002800, ABSOLUTE)

    Exec Addr    Load Addr    Size         Type   Attr      Idx    E Section Name        Object

    0x20000000   0x0800acdc   0x00000002   Data   RW           15    .data               main.o
    0x20000002   0x0800acde   0x00000004   Data   RW          317    .data               ns_radio.o
    0x20000006   0x0800ace2   0x00000006   Data   RW          405    .data               board.o
    0x2000000c   0x0800ace8   0x00000010   Data   RW          801    .data               rtc-board.o
    0x2000001c   0x0800acf8   0x00000001   Data   RW          970    .data               sx1276-board.o
    0x2000001d   0x0800acf9   0x00000001   PAD
    0x2000001e   0x0800acfa   0x00000004   Data   RW         1060    .data               tim-board.o
    0x20000022   0x0800acfe   0x00000002   Data   RW         1134    .data               uart-board.o
    0x20000024   0x0800ad00   0x00000008   Data   RW         1205    .data               usart1-board.o
    0x2000002c   0x0800ad08   0x00000004   Data   RW         1281    .data               system_stm32l1xx.o
    0x20000030   0x0800ad0c   0x00000004   Data   RW         1485    .data               stm32l1xx_hal.o
    0x20000034   0x0800ad10   0x00000002   Data   RW         5714    .data               hal_temhum.o
    0x20000036   0x0800ad12   0x00000002   PAD
    0x20000038   0x0800ad14   0x0000001c   Data   RW         6179    .data               sx1276.o
    0x20000054   0x0800ad30   0x00000001   Data   RW         6384    .data               adc.o
    0x20000055   0x0800ad31   0x00000003   PAD
    0x20000058   0x0800ad34   0x00000008   Data   RW         6565    .data               timer.o
    0x20000060        -       0x0000011b   Zero   RW          316    .bss                ns_radio.o
    0x2000017b   0x0800ad3c   0x00000001   PAD
    0x2000017c        -       0x00000070   Zero   RW          404    .bss                board.o
    0x200001ec        -       0x00000040   Zero   RW          575    .bss                gpio-board.o
    0x2000022c        -       0x00000034   Zero   RW          799    .bss                rtc-board.o
    0x20000260        -       0x000000a8   Zero   RW         1059    .bss                tim-board.o
    0x20000308        -       0x00000040   Zero   RW         1133    .bss                uart-board.o
    0x20000348        -       0x000000ff   Zero   RW         1204    .bss                usart1-board.o
    0x20000447   0x0800ad3c   0x00000001   PAD
    0x20000448        -       0x00000030   Zero   RW         5540    .bss                hal_oled.o
    0x20000478        -       0x0000027c   Zero   RW         6177    .bss                sx1276.o
    0x200006f4        -       0x00000060   Zero   RW         6960    .bss                c_w.l(libspace.o)
    0x20000754   0x0800ad3c   0x00000004   PAD
    0x20000758        -       0x00000800   Zero   RW         1347    HEAP                startup_stm32l151xb.o
    0x20000f58        -       0x00000400   Zero   RW         1346    STACK               startup_stm32l151xb.o


==============================================================================

Image component sizes


      Code (inc. data)   RO Data    RW Data    ZI Data      Debug   Object Name

        12          4          0          1          0       1032   adc.o
       936         72          0          6        112       7375   board.o
        12          0          0          0          0        502   delay.o
       972         52          0          0         64       8279   gpio-board.o
       136          0          0          0          0       2843   gpio.o
       736         38       3592          0         48       5334   hal_oled.o
      3512        394          0          2          0      36036   hal_temhum.o
         0          0          0          0          0      63444   iwdg-board.o
       744        164          0          2          0     395730   main.o
       436         86          0          4        283       5870   ns_radio.o
      1952        194         24         16         52      10830   rtc-board.o
       766         24          0          0          0       4044   spi-board.o
        64         26        244          0       3072        856   startup_stm32l151xb.o
       178         32          0          4          0       6074   stm32l1xx_hal.o
       348         22          0          0          0      29869   stm32l1xx_hal_cortex.o
       528         38          0          0          0       4263   stm32l1xx_hal_gpio.o
        88         14          0          0          0       1185   stm32l1xx_hal_pwr.o
        48          8          0          0          0       1129   stm32l1xx_hal_pwr_ex.o
      3688        106          0          0          0       7252   stm32l1xx_hal_rcc.o
       468         14          0          0          0       1520   stm32l1xx_hal_rcc_ex.o
      1286         24          0          0          0       8603   stm32l1xx_hal_rtc.o
       954         10          0          0          0       5422   stm32l1xx_hal_rtc_ex.o
        52          0          0          0          0       2271   stm32l1xx_hal_spi.o
       124          0          0          0          0       1139   stm32l1xx_hal_spi_ex.o
       540         22          0          0          0       5666   stm32l1xx_hal_tim.o
      1102          6          0          0          0       3293   stm32l1xx_hal_uart.o
       462         26         92          1          0       9724   sx1276-board.o
      7006        386        224         28        636      25246   sx1276.o
        16          0          0          0          0       2377   sysirqhandlers.o
       100         18         33          4          0      53987   system_stm32l1xx.o
       484        120          0          4        168       4333   tim-board.o
       836         44          0          8          0       7437   timer.o
       400         18          0          2         64       2477   uart-board.o
        92          0          0          0          0       1868   uart.o
       192         38          0          8        255       5415   usart1-board.o
        24          0          0          0          0       1090   utilities.o

    ----------------------------------------------------------------------
     29346       2000       4246         96       4756     733815   Object Totals
         0          0         32          0          0          0   (incl. Generated)
        52          0          5          6          2          0   (incl. Padding)

    ----------------------------------------------------------------------

      Code (inc. data)   RO Data    RW Data    ZI Data      Debug   Library Member Name

         8          0          0          0          0         68   __main.o
       392          4         17          0          0         92   __printf_flags_ss_wp.o
        14          0          0          0          0         68   __printf_wp.o
         0          0          0          0          0          0   __rtentry.o
        12          0          0          0          0          0   __rtentry2.o
         6          0          0          0          0          0   __rtentry4.o
        52          8          0          0          0          0   __scatter.o
        26          0          0          0          0          0   __scatter_copy.o
        28          0          0          0          0          0   __scatter_zi.o
        48          6          0          0          0         96   _printf_char_common.o
        36          4          0          0          0         80   _printf_char_file.o
         6          0          0          0          0          0   _printf_d.o
       120         16          0          0          0         92   _printf_dec.o
         6          0          0          0          0          0   _printf_f.o
      1054          0          0          0          0        216   _printf_fp_dec.o
       128         16          0          0          0         84   _printf_fp_infnan.o
       178          0          0          0          0         88   _printf_intcommon.o
        78          0          0          0          0        108   _printf_pad.o
         0          0          0          0          0          0   _printf_percent.o
         4          0          0          0          0          0   _printf_percent_end.o
         6          0          0          0          0          0   _printf_u.o
        10          0          0          0          0         68   _sputc.o
       228          4        148          0          0         96   bigflt0.o
      1936        128          0          0          0        672   btod.o
        18          0          0          0          0         80   exit.o
         8          0          0          0          0         68   ferror.o
         6          0          0          0          0        152   heapauxi.o
        44         10         28          0          0         76   lc_numeric_c.o
         2          0          0          0          0          0   libinit.o
        18          0          0          0          0          0   libinit2.o
         2          0          0          0          0          0   libshutdown.o
         2          0          0          0          0          0   libshutdown2.o
         8          4          0          0         96         68   libspace.o
       138          0          0          0          0         80   lludiv10.o
        24          4          0          0          0         84   noretval__2printf.o
        40          6          0          0          0         84   noretval__2sprintf.o
         8          4          0          0          0         68   rt_locale_intlibspace.o
        78          0          0          0          0         80   rt_memclr_w.o
       138          0          0          0          0         68   rt_memcpy_v6.o
       100          0          0          0          0         80   rt_memcpy_w.o
         2          0          0          0          0          0   rtexit.o
        10          0          0          0          0          0   rtexit2.o
       128          0          0          0          0         68   strcmpv7m.o
        62          0          0          0          0         76   strlen.o
        74          0          0          0          0         80   sys_stackheap_outer.o
         2          0          0          0          0         68   use_no_semi.o
         2          0          0          0          0         68   use_no_semi_2.o
        98          4          0          0          0         92   d2f.o
       826         16          0          0          0        348   daddsub_clz.o
        24          0          0          0          0         68   dcmpi.o
       688        140          0          0          0        208   ddiv.o
        94          4          0          0          0         92   dfix.o
        90          4          0          0          0         92   dfixu.o
        84          0          0          0          0        136   dflt_clz.o
       120          4          0          0          0         92   dleqf.o
       340         12          0          0          0        104   dmul.o
       156          4          0          0          0         92   dnaninf.o
        12          0          0          0          0         68   dretinf.o
       108          0          0          0          0         80   drleqf.o
       180          4          0          0          0         80   drnd.o
        86          4          0          0          0         84   f2d.o
       430          8          0          0          0        168   faddsub_clz.o
        24          0          0          0          0         68   fcmpi.o
       388         76          0          0          0         96   fdiv.o
        54          4          0          0          0         84   ffix.o
        62          4          0          0          0         84   ffixu.o
        38          0          0          0          0         68   fflt_clz.o
       104          4          0          0          0         84   fleqf.o
       258          4          0          0          0         84   fmul.o
       140          4          0          0          0         84   fnaninf.o
        10          0          0          0          0         68   fretinf.o
        98          0          0          0          0         68   frleqf.o
         4          0          0          0          0         68   printf1.o
         0          0          0          0          0          0   usenofp.o
       220         16          0          0          0         84   ceil.o
       220         16          0          0          0         84   floor.o
        40          0          0          0          0         68   fpclassify.o
       148         12          0          0          0         88   round.o

    ----------------------------------------------------------------------
     10464        558        196          0        100       6160   Library Totals
        30          0          3          0          4          0   (incl. Padding)

    ----------------------------------------------------------------------

      Code (inc. data)   RO Data    RW Data    ZI Data      Debug   Library Name

      5290        214        193          0         96       3176   c_w.l
      4516        300          0          0          0       2660   fz_ws.l
       628         44          0          0          0        324   m_ws.l

    ----------------------------------------------------------------------
     10464        558        196          0        100       6160   Library Totals

    ----------------------------------------------------------------------

==============================================================================


      Code (inc. data)   RO Data    RW Data    ZI Data      Debug   

     39810       2558       4442         96       4856     723123   Grand Totals
     39810       2558       4442         96       4856     723123   ELF Image Totals
     39810       2558       4442         96          0          0   ROM Totals

==============================================================================

    Total RO  Size (Code + RO Data)                44252 (  43.21kB)
    Total RW  Size (RW Data + ZI Data)              4952 (   4.84kB)
    Total ROM Size (Code + RO Data + RW Data)      44348 (  43.31kB)

==============================================================================

